Component: ARM Compiler 5.05 update 1 (build 106) Tool: armlink [4d0efa]

==============================================================================

Section Cross References

    startup_stm32f10x_hd.o(RESET) refers to startup_stm32f10x_hd.o(STACK) for __initial_sp
    startup_stm32f10x_hd.o(RESET) refers to startup_stm32f10x_hd.o(.text) for Reset_Handler
    startup_stm32f10x_hd.o(RESET) refers to stm32f10x_it.o(i.NMI_Handler) for NMI_Handler
    startup_stm32f10x_hd.o(RESET) refers to stm32f10x_it.o(i.HardFault_Handler) for HardFault_Handler
    startup_stm32f10x_hd.o(RESET) refers to stm32f10x_it.o(i.MemManage_Handler) for MemManage_Handler
    startup_stm32f10x_hd.o(RESET) refers to stm32f10x_it.o(i.BusFault_Handler) for BusFault_Handler
    startup_stm32f10x_hd.o(RESET) refers to stm32f10x_it.o(i.UsageFault_Handler) for UsageFault_Handler
    startup_stm32f10x_hd.o(RESET) refers to stm32f10x_it.o(i.SVC_Handler) for SVC_Handler
    startup_stm32f10x_hd.o(RESET) refers to stm32f10x_it.o(i.DebugMon_Handler) for DebugMon_Handler
    startup_stm32f10x_hd.o(RESET) refers to stm32f10x_it.o(i.PendSV_Handler) for PendSV_Handler
    startup_stm32f10x_hd.o(RESET) refers to stm32f10x_it.o(i.SysTick_Handler) for SysTick_Handler
    startup_stm32f10x_hd.o(RESET) refers to delay_1.o(i.SysTick_Handler) for SysTick_Handler
    startup_stm32f10x_hd.o(RESET) refers to usb_it.o(i.USB_LP_CAN1_RX0_IRQHandler) for USB_LP_CAN1_RX0_IRQHandler
    startup_stm32f10x_hd.o(RESET) refers to usart.o(i.USART1_IRQHandler) for USART1_IRQHandler
    startup_stm32f10x_hd.o(RESET) refers to uart1.o(i.USART1_IRQHandler) for USART1_IRQHandler
    startup_stm32f10x_hd.o(RESET) refers to uart2.o(i.USART2_IRQHandler) for USART2_IRQHandler
    startup_stm32f10x_hd.o(RESET) refers to main.o(i.EXTI15_10_IRQHandler) for EXTI15_10_IRQHandler
    startup_stm32f10x_hd.o(RESET) refers to usb_it.o(i.USBWakeUp_IRQHandler) for USBWakeUp_IRQHandler
    startup_stm32f10x_hd.o(.text) refers to system_stm32f10x.o(i.SystemInit) for SystemInit
    startup_stm32f10x_hd.o(.text) refers to entry.o(.ARM.Collect$$$$00000000) for __main
    main.o(i.CopeSerial1Data) refers to uart2.o(i.UART2_Put_Char) for UART2_Put_Char
    main.o(i.CopeSerial2Data) refers to dio.o(i.LED_REVERSE) for LED_REVERSE
    main.o(i.CopeSerial2Data) refers to hw_config.o(i.USB_TxWrite) for USB_TxWrite
    main.o(i.CopeSerial2Data) refers to main.o(.bss) for .bss
    main.o(i.CopeSerial2Data) refers to main.o(.data) for .data
    main.o(i.EXTI15_10_IRQHandler) refers to stm32f10x_gpio.o(i.GPIO_ReadInputDataBit) for GPIO_ReadInputDataBit
    main.o(i.EXTI15_10_IRQHandler) refers to main.o(.data) for .data
    main.o(i.EXTIX_Init) refers to main.o(i.KEY_Init) for KEY_Init
    main.o(i.EXTIX_Init) refers to stm32f10x_rcc.o(i.RCC_APB2PeriphClockCmd) for RCC_APB2PeriphClockCmd
    main.o(i.EXTIX_Init) refers to stm32f10x_gpio.o(i.GPIO_EXTILineConfig) for GPIO_EXTILineConfig
    main.o(i.EXTIX_Init) refers to misc.o(i.NVIC_Init) for NVIC_Init
    main.o(i.KEY_Init) refers to stm32f10x_rcc.o(i.RCC_APB2PeriphClockCmd) for RCC_APB2PeriphClockCmd
    main.o(i.KEY_Init) refers to stm32f10x_gpio.o(i.GPIO_Init) for GPIO_Init
    main.o(i.main) refers to hw_config.o(i.USB_Config) for USB_Config
    main.o(i.main) refers to delay_1.o(i.SysTick_init) for SysTick_init
    main.o(i.main) refers to uart1.o(i.Initial_UART1) for Initial_UART1
    main.o(i.main) refers to uart2.o(i.Initial_UART2) for Initial_UART2
    main.o(i.main) refers to misc.o(i.NVIC_PriorityGroupConfig) for NVIC_PriorityGroupConfig
    main.o(i.main) refers to encode.o(i.TIM4_Init) for TIM4_Init
    main.o(i.main) refers to dio.o(i.LED_ON) for LED_ON
    main.o(i.main) refers to delay.o(i.delay_ms) for delay_ms
    main.o(i.main) refers to delay_1.o(i.delay_ms) for delay_ms
    main.o(i.main) refers to uart1.o(i.UART1_Put_Char) for UART1_Put_Char
    main.o(i.main) refers to main.o(.data) for .data
    encode.o(i.TIM4_Init) refers to encode.o(i.TIM4_Mode_Config) for TIM4_Mode_Config
    encode.o(i.TIM4_Mode_Config) refers to stm32f10x_rcc.o(i.RCC_APB1PeriphClockCmd) for RCC_APB1PeriphClockCmd
    encode.o(i.TIM4_Mode_Config) refers to stm32f10x_rcc.o(i.RCC_APB2PeriphClockCmd) for RCC_APB2PeriphClockCmd
    encode.o(i.TIM4_Mode_Config) refers to stm32f10x_gpio.o(i.GPIO_Init) for GPIO_Init
    encode.o(i.TIM4_Mode_Config) refers to stm32f10x_tim.o(i.TIM_DeInit) for TIM_DeInit
    encode.o(i.TIM4_Mode_Config) refers to stm32f10x_tim.o(i.TIM_TimeBaseInit) for TIM_TimeBaseInit
    encode.o(i.TIM4_Mode_Config) refers to stm32f10x_tim.o(i.TIM_EncoderInterfaceConfig) for TIM_EncoderInterfaceConfig
    encode.o(i.TIM4_Mode_Config) refers to stm32f10x_tim.o(i.TIM_ICStructInit) for TIM_ICStructInit
    encode.o(i.TIM4_Mode_Config) refers to stm32f10x_tim.o(i.TIM_ICInit) for TIM_ICInit
    encode.o(i.TIM4_Mode_Config) refers to stm32f10x_tim.o(i.TIM_Cmd) for TIM_Cmd
    encode.o(i.TIM4_Mode_Config) refers to main.o(.data) for Parameter
    lcd.o(i.LCD_Clear) refers to lcd.o(i.LCD_SetCursor) for LCD_SetCursor
    lcd.o(i.LCD_Clear) refers to lcd.o(i.LCD_WriteRAM_Prepare) for LCD_WriteRAM_Prepare
    lcd.o(i.LCD_Clear) refers to lcd.o(.bss) for .bss
    lcd.o(i.LCD_Color_Fill) refers to lcd.o(i.LCD_SetCursor) for LCD_SetCursor
    lcd.o(i.LCD_Color_Fill) refers to lcd.o(i.LCD_WriteRAM_Prepare) for LCD_WriteRAM_Prepare
    lcd.o(i.LCD_DisplayOff) refers to lcd.o(i.LCD_WriteReg) for LCD_WriteReg
    lcd.o(i.LCD_DisplayOff) refers to lcd.o(.bss) for .bss
    lcd.o(i.LCD_DisplayOn) refers to lcd.o(i.LCD_WriteReg) for LCD_WriteReg
    lcd.o(i.LCD_DisplayOn) refers to lcd.o(.bss) for .bss
    lcd.o(i.LCD_Display_Dir) refers to lcd.o(i.LCD_Scan_Dir) for LCD_Scan_Dir
    lcd.o(i.LCD_Display_Dir) refers to lcd.o(.bss) for .bss
    lcd.o(i.LCD_DrawLine) refers to lcd.o(i.LCD_DrawPoint) for LCD_DrawPoint
    lcd.o(i.LCD_DrawPoint) refers to lcd.o(i.LCD_SetCursor) for LCD_SetCursor
    lcd.o(i.LCD_DrawPoint) refers to lcd.o(i.LCD_WriteRAM_Prepare) for LCD_WriteRAM_Prepare
    lcd.o(i.LCD_DrawPoint) refers to lcd.o(.data) for .data
    lcd.o(i.LCD_DrawRectangle) refers to lcd.o(i.LCD_DrawLine) for LCD_DrawLine
    lcd.o(i.LCD_Draw_Circle) refers to lcd.o(i.LCD_DrawPoint) for LCD_DrawPoint
    lcd.o(i.LCD_Fast_DrawPoint) refers to lcd.o(i.LCD_WriteReg) for LCD_WriteReg
    lcd.o(i.LCD_Fast_DrawPoint) refers to lcd.o(.bss) for .bss
    lcd.o(i.LCD_Fill) refers to lcd.o(i.LCD_SetCursor) for LCD_SetCursor
    lcd.o(i.LCD_Fill) refers to lcd.o(i.LCD_WriteRAM_Prepare) for LCD_WriteRAM_Prepare
    lcd.o(i.LCD_Fill) refers to lcd.o(.bss) for .bss
    lcd.o(i.LCD_Init) refers to stm32f10x_rcc.o(i.RCC_AHBPeriphClockCmd) for RCC_AHBPeriphClockCmd
    lcd.o(i.LCD_Init) refers to stm32f10x_rcc.o(i.RCC_APB2PeriphClockCmd) for RCC_APB2PeriphClockCmd
    lcd.o(i.LCD_Init) refers to stm32f10x_gpio.o(i.GPIO_Init) for GPIO_Init
    lcd.o(i.LCD_Init) refers to stm32f10x_fsmc.o(i.FSMC_NORSRAMInit) for FSMC_NORSRAMInit
    lcd.o(i.LCD_Init) refers to stm32f10x_fsmc.o(i.FSMC_NORSRAMCmd) for FSMC_NORSRAMCmd
    lcd.o(i.LCD_Init) refers to delay.o(i.delay_ms) for delay_ms
    lcd.o(i.LCD_Init) refers to delay_1.o(i.delay_ms) for delay_ms
    lcd.o(i.LCD_Init) refers to lcd.o(i.LCD_ReadReg) for LCD_ReadReg
    lcd.o(i.LCD_Init) refers to lcd.o(i.LCD_RD_DATA) for LCD_RD_DATA
    lcd.o(i.LCD_Init) refers to lcd.o(i.LCD_Display_Dir) for LCD_Display_Dir
    lcd.o(i.LCD_Init) refers to lcd.o(i.LCD_Clear) for LCD_Clear
    lcd.o(i.LCD_Init) refers to lcd.o(.bss) for .bss
    lcd.o(i.LCD_ReadPoint) refers to lcd.o(i.LCD_SetCursor) for LCD_SetCursor
    lcd.o(i.LCD_ReadPoint) refers to lcd.o(i.LCD_RD_DATA) for LCD_RD_DATA
    lcd.o(i.LCD_ReadPoint) refers to lcd.o(i.LCD_BGR2RGB) for LCD_BGR2RGB
    lcd.o(i.LCD_ReadPoint) refers to lcd.o(.bss) for .bss
    lcd.o(i.LCD_ReadReg) refers to delay.o(i.delay_us) for delay_us
    lcd.o(i.LCD_ReadReg) refers to delay_1.o(i.delay_us) for delay_us
    lcd.o(i.LCD_ReadReg) refers to lcd.o(i.LCD_RD_DATA) for LCD_RD_DATA
    lcd.o(i.LCD_SSD_BackLightSet) refers to dfltui.o(.text) for __aeabi_ui2d
    lcd.o(i.LCD_SSD_BackLightSet) refers to dmul.o(.text) for __aeabi_dmul
    lcd.o(i.LCD_SSD_BackLightSet) refers to dfixui.o(.text) for __aeabi_d2uiz
    lcd.o(i.LCD_Scan_Dir) refers to lcd.o(i.LCD_WriteReg) for LCD_WriteReg
    lcd.o(i.LCD_Scan_Dir) refers to lcd.o(.bss) for .bss
    lcd.o(i.LCD_SetCursor) refers to lcd.o(i.LCD_WriteReg) for LCD_WriteReg
    lcd.o(i.LCD_SetCursor) refers to lcd.o(.bss) for .bss
    lcd.o(i.LCD_Set_Window) refers to lcd.o(i.LCD_WriteReg) for LCD_WriteReg
    lcd.o(i.LCD_Set_Window) refers to lcd.o(i.LCD_SetCursor) for LCD_SetCursor
    lcd.o(i.LCD_Set_Window) refers to lcd.o(.bss) for .bss
    lcd.o(i.LCD_ShowChar) refers to lcd.o(i.LCD_Fast_DrawPoint) for LCD_Fast_DrawPoint
    lcd.o(i.LCD_ShowChar) refers to lcd.o(.bss) for .bss
    lcd.o(i.LCD_ShowChar) refers to lcd.o(.constdata) for .constdata
    lcd.o(i.LCD_ShowChar) refers to lcd.o(.data) for .data
    lcd.o(i.LCD_ShowNum) refers to lcd.o(i.LCD_Pow) for LCD_Pow
    lcd.o(i.LCD_ShowNum) refers to lcd.o(i.LCD_ShowChar) for LCD_ShowChar
    lcd.o(i.LCD_ShowString) refers to lcd.o(i.LCD_ShowChar) for LCD_ShowChar
    lcd.o(i.LCD_ShowxNum) refers to lcd.o(i.LCD_Pow) for LCD_Pow
    lcd.o(i.LCD_ShowxNum) refers to lcd.o(i.LCD_ShowChar) for LCD_ShowChar
    lcd.o(i.LCD_WriteRAM_Prepare) refers to lcd.o(.bss) for .bss
    delay.o(i.delay_init) refers to misc.o(i.SysTick_CLKSourceConfig) for SysTick_CLKSourceConfig
    delay.o(i.delay_init) refers to system_stm32f10x.o(.data) for SystemCoreClock
    delay.o(i.delay_init) refers to delay.o(.data) for .data
    delay.o(i.delay_ms) refers to delay.o(.data) for .data
    delay.o(i.delay_us) refers to delay.o(.data) for .data
    usart.o(i.USART1_IRQHandler) refers to stm32f10x_usart.o(i.USART_GetITStatus) for USART_GetITStatus
    usart.o(i.USART1_IRQHandler) refers to stm32f10x_usart.o(i.USART_ReceiveData) for USART_ReceiveData
    usart.o(i.USART1_IRQHandler) refers to usart.o(.data) for .data
    usart.o(i.USART1_IRQHandler) refers to usart.o(.bss) for .bss
    usart.o(i.uart_init) refers to stm32f10x_rcc.o(i.RCC_APB2PeriphClockCmd) for RCC_APB2PeriphClockCmd
    usart.o(i.uart_init) refers to stm32f10x_gpio.o(i.GPIO_Init) for GPIO_Init
    usart.o(i.uart_init) refers to misc.o(i.NVIC_Init) for NVIC_Init
    usart.o(i.uart_init) refers to stm32f10x_usart.o(i.USART_Init) for USART_Init
    usart.o(i.uart_init) refers to stm32f10x_usart.o(i.USART_ITConfig) for USART_ITConfig
    usart.o(i.uart_init) refers to stm32f10x_usart.o(i.USART_Cmd) for USART_Cmd
    stm32f10x_gpio.o(i.GPIO_AFIODeInit) refers to stm32f10x_rcc.o(i.RCC_APB2PeriphResetCmd) for RCC_APB2PeriphResetCmd
    stm32f10x_gpio.o(i.GPIO_DeInit) refers to stm32f10x_rcc.o(i.RCC_APB2PeriphResetCmd) for RCC_APB2PeriphResetCmd
    stm32f10x_rcc.o(i.RCC_GetClocksFreq) refers to stm32f10x_rcc.o(.data) for .data
    stm32f10x_rcc.o(i.RCC_WaitForHSEStartUp) refers to stm32f10x_rcc.o(i.RCC_GetFlagStatus) for RCC_GetFlagStatus
    stm32f10x_tim.o(i.TIM_DeInit) refers to stm32f10x_rcc.o(i.RCC_APB1PeriphResetCmd) for RCC_APB1PeriphResetCmd
    stm32f10x_tim.o(i.TIM_DeInit) refers to stm32f10x_rcc.o(i.RCC_APB2PeriphResetCmd) for RCC_APB2PeriphResetCmd
    stm32f10x_tim.o(i.TIM_ETRClockMode1Config) refers to stm32f10x_tim.o(i.TIM_ETRConfig) for TIM_ETRConfig
    stm32f10x_tim.o(i.TIM_ETRClockMode2Config) refers to stm32f10x_tim.o(i.TIM_ETRConfig) for TIM_ETRConfig
    stm32f10x_tim.o(i.TIM_ICInit) refers to stm32f10x_tim.o(i.TI1_Config) for TI1_Config
    stm32f10x_tim.o(i.TIM_ICInit) refers to stm32f10x_tim.o(i.TIM_SetIC1Prescaler) for TIM_SetIC1Prescaler
    stm32f10x_tim.o(i.TIM_ICInit) refers to stm32f10x_tim.o(i.TI2_Config) for TI2_Config
    stm32f10x_tim.o(i.TIM_ICInit) refers to stm32f10x_tim.o(i.TIM_SetIC2Prescaler) for TIM_SetIC2Prescaler
    stm32f10x_tim.o(i.TIM_ICInit) refers to stm32f10x_tim.o(i.TIM_SetIC3Prescaler) for TIM_SetIC3Prescaler
    stm32f10x_tim.o(i.TIM_ICInit) refers to stm32f10x_tim.o(i.TIM_SetIC4Prescaler) for TIM_SetIC4Prescaler
    stm32f10x_tim.o(i.TIM_ITRxExternalClockConfig) refers to stm32f10x_tim.o(i.TIM_SelectInputTrigger) for TIM_SelectInputTrigger
    stm32f10x_tim.o(i.TIM_PWMIConfig) refers to stm32f10x_tim.o(i.TI2_Config) for TI2_Config
    stm32f10x_tim.o(i.TIM_PWMIConfig) refers to stm32f10x_tim.o(i.TIM_SetIC2Prescaler) for TIM_SetIC2Prescaler
    stm32f10x_tim.o(i.TIM_PWMIConfig) refers to stm32f10x_tim.o(i.TI1_Config) for TI1_Config
    stm32f10x_tim.o(i.TIM_PWMIConfig) refers to stm32f10x_tim.o(i.TIM_SetIC1Prescaler) for TIM_SetIC1Prescaler
    stm32f10x_tim.o(i.TIM_TIxExternalClockConfig) refers to stm32f10x_tim.o(i.TI1_Config) for TI1_Config
    stm32f10x_tim.o(i.TIM_TIxExternalClockConfig) refers to stm32f10x_tim.o(i.TIM_SelectInputTrigger) for TIM_SelectInputTrigger
    stm32f10x_tim.o(i.TIM_TIxExternalClockConfig) refers to stm32f10x_tim.o(i.TI2_Config) for TI2_Config
    stm32f10x_usart.o(i.USART_DeInit) refers to stm32f10x_rcc.o(i.RCC_APB2PeriphResetCmd) for RCC_APB2PeriphResetCmd
    stm32f10x_usart.o(i.USART_DeInit) refers to stm32f10x_rcc.o(i.RCC_APB1PeriphResetCmd) for RCC_APB1PeriphResetCmd
    stm32f10x_usart.o(i.USART_Init) refers to stm32f10x_rcc.o(i.RCC_GetClocksFreq) for RCC_GetClocksFreq
    system_stm32f10x.o(i.SystemCoreClockUpdate) refers to system_stm32f10x.o(.data) for .data
    system_stm32f10x.o(i.SystemInit) refers to system_stm32f10x.o(i.SetSysClockTo72) for SetSysClockTo72
    hw_config.o(i.Enter_LowPowerMode) refers to usb_pwr.o(.data) for bDeviceState
    hw_config.o(i.Get_SerialNum) refers to hw_config.o(i.IntToUnicode) for IntToUnicode
    hw_config.o(i.Get_SerialNum) refers to usb_desc.o(.data) for Virtual_Com_Port_StringSerial
    hw_config.o(i.Leave_LowPowerMode) refers to usb_init.o(.bss) for Device_Info
    hw_config.o(i.Leave_LowPowerMode) refers to usb_pwr.o(.data) for bDeviceState
    hw_config.o(i.Set_System) refers to stm32f10x_rcc.o(i.RCC_APB2PeriphClockCmd) for RCC_APB2PeriphClockCmd
    hw_config.o(i.Set_System) refers to stm32f10x_gpio.o(i.GPIO_Init) for GPIO_Init
    hw_config.o(i.Set_System) refers to hw_config.o(.bss) for .bss
    hw_config.o(i.Set_System) refers to hw_config.o(.data) for .data
    hw_config.o(i.Set_USBClock) refers to stm32f10x_rcc.o(i.RCC_USBCLKConfig) for RCC_USBCLKConfig
    hw_config.o(i.Set_USBClock) refers to stm32f10x_rcc.o(i.RCC_APB1PeriphClockCmd) for RCC_APB1PeriphClockCmd
    hw_config.o(i.USB_Cable_Config) refers to stm32f10x_gpio.o(i.GPIO_SetBits) for GPIO_SetBits
    hw_config.o(i.USB_Cable_Config) refers to stm32f10x_gpio.o(i.GPIO_ResetBits) for GPIO_ResetBits
    hw_config.o(i.USB_Config) refers to hw_config.o(i.Set_System) for Set_System
    hw_config.o(i.USB_Config) refers to hw_config.o(i.Set_USBClock) for Set_USBClock
    hw_config.o(i.USB_Config) refers to hw_config.o(i.USB_Interrupts_Config) for USB_Interrupts_Config
    hw_config.o(i.USB_Config) refers to usb_init.o(i.USB_Init) for USB_Init
    hw_config.o(i.USB_Interrupts_Config) refers to misc.o(i.NVIC_Init) for NVIC_Init
    hw_config.o(i.USB_RxRead) refers to hw_config.o(.bss) for .bss
    hw_config.o(i.USB_RxWrite) refers to hw_config.o(.bss) for .bss
    hw_config.o(i.USB_TxRead) refers to hw_config.o(.bss) for .bss
    hw_config.o(i.USB_TxWrite) refers to hw_config.o(.bss) for .bss
    usb_endp.o(i.EP1_IN_Callback) refers to hw_config.o(i.USB_TxRead) for USB_TxRead
    usb_endp.o(i.EP1_IN_Callback) refers to usb_mem.o(i.UserToPMABufferCopy) for UserToPMABufferCopy
    usb_endp.o(i.EP1_IN_Callback) refers to usb_regs.o(i.SetEPTxCount) for SetEPTxCount
    usb_endp.o(i.EP1_IN_Callback) refers to usb_regs.o(i.SetEPTxValid) for SetEPTxValid
    usb_endp.o(i.EP1_IN_Callback) refers to usb_endp.o(.data) for .data
    usb_endp.o(i.EP1_IN_Callback) refers to usb_endp.o(.bss) for .bss
    usb_endp.o(i.EP3_OUT_Callback) refers to usb_sil.o(i.USB_SIL_Read) for USB_SIL_Read
    usb_endp.o(i.EP3_OUT_Callback) refers to hw_config.o(i.USB_RxWrite) for USB_RxWrite
    usb_endp.o(i.EP3_OUT_Callback) refers to usb_regs.o(i.SetEPRxValid) for SetEPRxValid
    usb_endp.o(i.EP3_OUT_Callback) refers to usb_endp.o(.bss) for .bss
    usb_endp.o(i.SOF_Callback) refers to hw_config.o(i.USB_TxRead) for USB_TxRead
    usb_endp.o(i.SOF_Callback) refers to usb_mem.o(i.UserToPMABufferCopy) for UserToPMABufferCopy
    usb_endp.o(i.SOF_Callback) refers to usb_regs.o(i.SetEPTxCount) for SetEPTxCount
    usb_endp.o(i.SOF_Callback) refers to usb_regs.o(i.SetEPTxValid) for SetEPTxValid
    usb_endp.o(i.SOF_Callback) refers to usb_pwr.o(.data) for bDeviceState
    usb_endp.o(i.SOF_Callback) refers to usb_endp.o(.data) for .data
    usb_endp.o(i.SOF_Callback) refers to usb_endp.o(.bss) for .bss
    usb_istr.o(i.USB_Istr) refers to usb_endp.o(i.SOF_Callback) for SOF_Callback
    usb_istr.o(i.USB_Istr) refers to usb_int.o(i.CTR_LP) for CTR_LP
    usb_istr.o(i.USB_Istr) refers to usb_pwr.o(i.Resume) for Resume
    usb_istr.o(i.USB_Istr) refers to usb_pwr.o(i.Suspend) for Suspend
    usb_istr.o(i.USB_Istr) refers to usb_istr.o(.data) for .data
    usb_istr.o(i.USB_Istr) refers to usb_init.o(.data) for wInterrupt_Mask
    usb_istr.o(i.USB_Istr) refers to usb_prop.o(.data) for Device_Property
    usb_istr.o(i.USB_Istr) refers to usb_pwr.o(.data) for fSuspendEnabled
    usb_istr.o(.data) refers to usb_endp.o(i.EP1_IN_Callback) for EP1_IN_Callback
    usb_istr.o(.data) refers to usb_core.o(i.NOP_Process) for NOP_Process
    usb_istr.o(.data) refers to usb_core.o(i.NOP_Process) for NOP_Process
    usb_istr.o(.data) refers to usb_endp.o(i.EP3_OUT_Callback) for EP3_OUT_Callback
    usb_it.o(i.USB_LP_CAN1_RX0_IRQHandler) refers to usb_istr.o(i.USB_Istr) for USB_Istr
    usb_prop.o(i.Virtual_Com_Port_Data_Setup) refers to usb_init.o(.data) for pInformation
    usb_prop.o(i.Virtual_Com_Port_Data_Setup) refers to usb_prop.o(i.Virtual_Com_Port_GetLineCoding) for Virtual_Com_Port_GetLineCoding
    usb_prop.o(i.Virtual_Com_Port_Data_Setup) refers to usb_prop.o(i.Virtual_Com_Port_SetLineCoding) for Virtual_Com_Port_SetLineCoding
    usb_prop.o(i.Virtual_Com_Port_Data_Setup) refers to usb_prop.o(.data) for .data
    usb_prop.o(i.Virtual_Com_Port_GetConfigDescriptor) refers to usb_core.o(i.Standard_GetDescriptorData) for Standard_GetDescriptorData
    usb_prop.o(i.Virtual_Com_Port_GetConfigDescriptor) refers to usb_prop.o(.data) for .data
    usb_prop.o(i.Virtual_Com_Port_GetDeviceDescriptor) refers to usb_core.o(i.Standard_GetDescriptorData) for Standard_GetDescriptorData
    usb_prop.o(i.Virtual_Com_Port_GetDeviceDescriptor) refers to usb_prop.o(.data) for .data
    usb_prop.o(i.Virtual_Com_Port_GetLineCoding) refers to usb_prop.o(.data) for .data
    usb_prop.o(i.Virtual_Com_Port_GetLineCoding) refers to usb_init.o(.data) for pInformation
    usb_prop.o(i.Virtual_Com_Port_GetStringDescriptor) refers to usb_core.o(i.Standard_GetDescriptorData) for Standard_GetDescriptorData
    usb_prop.o(i.Virtual_Com_Port_GetStringDescriptor) refers to usb_init.o(.data) for pInformation
    usb_prop.o(i.Virtual_Com_Port_GetStringDescriptor) refers to usb_prop.o(.data) for .data
    usb_prop.o(i.Virtual_Com_Port_NoData_Setup) refers to usb_init.o(.data) for pInformation
    usb_prop.o(i.Virtual_Com_Port_Reset) refers to usb_regs.o(i.SetBTABLE) for SetBTABLE
    usb_prop.o(i.Virtual_Com_Port_Reset) refers to usb_regs.o(i.SetEPType) for SetEPType
    usb_prop.o(i.Virtual_Com_Port_Reset) refers to usb_regs.o(i.SetEPTxStatus) for SetEPTxStatus
    usb_prop.o(i.Virtual_Com_Port_Reset) refers to usb_regs.o(i.SetEPRxAddr) for SetEPRxAddr
    usb_prop.o(i.Virtual_Com_Port_Reset) refers to usb_regs.o(i.SetEPTxAddr) for SetEPTxAddr
    usb_prop.o(i.Virtual_Com_Port_Reset) refers to usb_regs.o(i.Clear_Status_Out) for Clear_Status_Out
    usb_prop.o(i.Virtual_Com_Port_Reset) refers to usb_regs.o(i.SetEPRxCount) for SetEPRxCount
    usb_prop.o(i.Virtual_Com_Port_Reset) refers to usb_regs.o(i.SetEPRxValid) for SetEPRxValid
    usb_prop.o(i.Virtual_Com_Port_Reset) refers to usb_regs.o(i.SetEPRxStatus) for SetEPRxStatus
    usb_prop.o(i.Virtual_Com_Port_Reset) refers to usb_core.o(i.SetDeviceAddress) for SetDeviceAddress
    usb_prop.o(i.Virtual_Com_Port_Reset) refers to usb_init.o(.data) for pInformation
    usb_prop.o(i.Virtual_Com_Port_Reset) refers to usb_desc.o(.constdata) for Virtual_Com_Port_ConfigDescriptor
    usb_prop.o(i.Virtual_Com_Port_Reset) refers to usb_prop.o(.data) for .data
    usb_prop.o(i.Virtual_Com_Port_Reset) refers to usb_pwr.o(.data) for bDeviceState
    usb_prop.o(i.Virtual_Com_Port_SetConfiguration) refers to usb_init.o(.bss) for Device_Info
    usb_prop.o(i.Virtual_Com_Port_SetConfiguration) refers to usb_pwr.o(.data) for bDeviceState
    usb_prop.o(i.Virtual_Com_Port_SetDeviceAddress) refers to usb_pwr.o(.data) for bDeviceState
    usb_prop.o(i.Virtual_Com_Port_SetLineCoding) refers to usb_prop.o(.data) for .data
    usb_prop.o(i.Virtual_Com_Port_SetLineCoding) refers to usb_init.o(.data) for pInformation
    usb_prop.o(i.Virtual_Com_Port_Status_In) refers to usb_prop.o(.data) for .data
    usb_prop.o(i.Virtual_Com_Port_init) refers to hw_config.o(i.Get_SerialNum) for Get_SerialNum
    usb_prop.o(i.Virtual_Com_Port_init) refers to usb_pwr.o(i.PowerOn) for PowerOn
    usb_prop.o(i.Virtual_Com_Port_init) refers to usb_sil.o(i.USB_SIL_Init) for USB_SIL_Init
    usb_prop.o(i.Virtual_Com_Port_init) refers to usb_init.o(.data) for pInformation
    usb_prop.o(i.Virtual_Com_Port_init) refers to usb_pwr.o(.data) for bDeviceState
    usb_prop.o(.data) refers to usb_desc.o(.constdata) for Virtual_Com_Port_DeviceDescriptor
    usb_prop.o(.data) refers to usb_desc.o(.constdata) for Virtual_Com_Port_ConfigDescriptor
    usb_prop.o(.data) refers to usb_prop.o(i.Virtual_Com_Port_init) for Virtual_Com_Port_init
    usb_prop.o(.data) refers to usb_prop.o(i.Virtual_Com_Port_Reset) for Virtual_Com_Port_Reset
    usb_prop.o(.data) refers to usb_prop.o(i.Virtual_Com_Port_Status_In) for Virtual_Com_Port_Status_In
    usb_prop.o(.data) refers to usb_prop.o(i.Virtual_Com_Port_Status_Out) for Virtual_Com_Port_Status_Out
    usb_prop.o(.data) refers to usb_prop.o(i.Virtual_Com_Port_Data_Setup) for Virtual_Com_Port_Data_Setup
    usb_prop.o(.data) refers to usb_prop.o(i.Virtual_Com_Port_NoData_Setup) for Virtual_Com_Port_NoData_Setup
    usb_prop.o(.data) refers to usb_prop.o(i.Virtual_Com_Port_Get_Interface_Setting) for Virtual_Com_Port_Get_Interface_Setting
    usb_prop.o(.data) refers to usb_prop.o(i.Virtual_Com_Port_GetDeviceDescriptor) for Virtual_Com_Port_GetDeviceDescriptor
    usb_prop.o(.data) refers to usb_prop.o(i.Virtual_Com_Port_GetConfigDescriptor) for Virtual_Com_Port_GetConfigDescriptor
    usb_prop.o(.data) refers to usb_prop.o(i.Virtual_Com_Port_GetStringDescriptor) for Virtual_Com_Port_GetStringDescriptor
    usb_prop.o(.data) refers to usb_desc.o(.constdata) for Virtual_Com_Port_StringLangID
    usb_prop.o(.data) refers to usb_desc.o(.constdata) for Virtual_Com_Port_StringVendor
    usb_prop.o(.data) refers to usb_desc.o(.constdata) for Virtual_Com_Port_StringProduct
    usb_prop.o(.data) refers to usb_desc.o(.data) for Virtual_Com_Port_StringSerial
    usb_prop.o(.data) refers to usb_core.o(i.NOP_Process) for NOP_Process
    usb_prop.o(.data) refers to usb_prop.o(i.Virtual_Com_Port_SetConfiguration) for Virtual_Com_Port_SetConfiguration
    usb_prop.o(.data) refers to usb_prop.o(i.Virtual_Com_Port_SetDeviceAddress) for Virtual_Com_Port_SetDeviceAddress
    usb_pwr.o(i.PowerOff) refers to hw_config.o(i.USB_Cable_Config) for USB_Cable_Config
    usb_pwr.o(i.PowerOn) refers to hw_config.o(i.USB_Cable_Config) for USB_Cable_Config
    usb_pwr.o(i.PowerOn) refers to usb_init.o(.data) for wInterrupt_Mask
    usb_pwr.o(i.Resume) refers to usb_pwr.o(i.Resume_Init) for Resume_Init
    usb_pwr.o(i.Resume) refers to usb_pwr.o(.data) for .data
    usb_pwr.o(i.Resume_Init) refers to hw_config.o(i.Leave_LowPowerMode) for Leave_LowPowerMode
    usb_pwr.o(i.Suspend) refers to usb_pwr.o(.bss) for .bss
    usb_core.o(i.DataStageIn) refers to usb_regs.o(i.GetEPTxAddr) for GetEPTxAddr
    usb_core.o(i.DataStageIn) refers to usb_mem.o(i.UserToPMABufferCopy) for UserToPMABufferCopy
    usb_core.o(i.DataStageIn) refers to usb_regs.o(i.SetEPTxCount) for SetEPTxCount
    usb_core.o(i.DataStageIn) refers to usb_init.o(.data) for pInformation
    usb_core.o(i.DataStageIn) refers to usb_int.o(.data) for SaveTState
    usb_core.o(i.DataStageIn) refers to usb_core.o(.data) for .data
    usb_core.o(i.DataStageOut) refers to usb_regs.o(i.GetEPRxAddr) for GetEPRxAddr
    usb_core.o(i.DataStageOut) refers to usb_mem.o(i.PMAToUserBufferCopy) for PMAToUserBufferCopy
    usb_core.o(i.DataStageOut) refers to usb_regs.o(i.SetEPTxCount) for SetEPTxCount
    usb_core.o(i.DataStageOut) refers to usb_init.o(.data) for pInformation
    usb_core.o(i.DataStageOut) refers to usb_int.o(.data) for SaveTState
    usb_core.o(i.Data_Setup0) refers to usb_core.o(i.DataStageIn) for DataStageIn
    usb_core.o(i.Data_Setup0) refers to usb_init.o(.data) for pInformation
    usb_core.o(i.Data_Setup0) refers to usb_core.o(i.Standard_GetStatus) for Standard_GetStatus
    usb_core.o(i.Data_Setup0) refers to usb_prop.o(.data) for Device_Table
    usb_core.o(i.Data_Setup0) refers to usb_core.o(i.Standard_GetConfiguration) for Standard_GetConfiguration
    usb_core.o(i.Data_Setup0) refers to usb_core.o(i.Standard_GetInterface) for Standard_GetInterface
    usb_core.o(i.Data_Setup0) refers to usb_core.o(.data) for .data
    usb_core.o(i.Data_Setup0) refers to usb_int.o(.data) for SaveRState
    usb_core.o(i.In0_Process) refers to usb_core.o(i.DataStageIn) for DataStageIn
    usb_core.o(i.In0_Process) refers to usb_core.o(i.SetDeviceAddress) for SetDeviceAddress
    usb_core.o(i.In0_Process) refers to usb_core.o(i.Post0_Process) for Post0_Process
    usb_core.o(i.In0_Process) refers to usb_init.o(.data) for pInformation
    usb_core.o(i.NoData_Setup0) refers to usb_core.o(i.Standard_SetConfiguration) for Standard_SetConfiguration
    usb_core.o(i.NoData_Setup0) refers to usb_core.o(i.Standard_SetDeviceFeature) for Standard_SetDeviceFeature
    usb_core.o(i.NoData_Setup0) refers to usb_core.o(i.Standard_SetInterface) for Standard_SetInterface
    usb_core.o(i.NoData_Setup0) refers to usb_core.o(i.Standard_ClearFeature) for Standard_ClearFeature
    usb_core.o(i.NoData_Setup0) refers to usb_core.o(i.Standard_SetEndPointFeature) for Standard_SetEndPointFeature
    usb_core.o(i.NoData_Setup0) refers to usb_init.o(.data) for pInformation
    usb_core.o(i.NoData_Setup0) refers to usb_int.o(.data) for SaveTState
    usb_core.o(i.Out0_Process) refers to usb_core.o(i.DataStageOut) for DataStageOut
    usb_core.o(i.Out0_Process) refers to usb_core.o(i.Post0_Process) for Post0_Process
    usb_core.o(i.Out0_Process) refers to usb_init.o(.data) for pInformation
    usb_core.o(i.Post0_Process) refers to usb_regs.o(i.SetEPRxCount) for SetEPRxCount
    usb_core.o(i.Post0_Process) refers to usb_prop.o(.data) for Device_Property
    usb_core.o(i.Post0_Process) refers to usb_init.o(.data) for pInformation
    usb_core.o(i.Post0_Process) refers to usb_int.o(.data) for SaveRState
    usb_core.o(i.SetDeviceAddress) refers to usb_prop.o(.data) for Device_Table
    usb_core.o(i.Setup0_Process) refers to usb_regs.o(i.ByteSwap) for ByteSwap
    usb_core.o(i.Setup0_Process) refers to usb_core.o(i.Data_Setup0) for Data_Setup0
    usb_core.o(i.Setup0_Process) refers to usb_core.o(i.Post0_Process) for Post0_Process
    usb_core.o(i.Setup0_Process) refers to usb_core.o(i.NoData_Setup0) for NoData_Setup0
    usb_core.o(i.Setup0_Process) refers to usb_init.o(.data) for pInformation
    usb_core.o(i.Standard_ClearFeature) refers to usb_regs.o(i.ClearDTOG_TX) for ClearDTOG_TX
    usb_core.o(i.Standard_ClearFeature) refers to usb_regs.o(i.SetEPTxStatus) for SetEPTxStatus
    usb_core.o(i.Standard_ClearFeature) refers to usb_regs.o(i.ClearDTOG_RX) for ClearDTOG_RX
    usb_core.o(i.Standard_ClearFeature) refers to usb_regs.o(i.SetEPRxCount) for SetEPRxCount
    usb_core.o(i.Standard_ClearFeature) refers to usb_init.o(.data) for pInformation
    usb_core.o(i.Standard_ClearFeature) refers to usb_prop.o(.data) for Device_Table
    usb_core.o(i.Standard_ClearFeature) refers to usb_prop.o(.data) for Device_Property
    usb_core.o(i.Standard_GetConfiguration) refers to usb_init.o(.data) for pInformation
    usb_core.o(i.Standard_GetDescriptorData) refers to usb_init.o(.data) for pInformation
    usb_core.o(i.Standard_GetInterface) refers to usb_init.o(.data) for pInformation
    usb_core.o(i.Standard_GetStatus) refers to usb_init.o(.data) for pInformation
    usb_core.o(i.Standard_GetStatus) refers to usb_core.o(.data) for .data
    usb_core.o(i.Standard_SetConfiguration) refers to usb_init.o(.data) for pInformation
    usb_core.o(i.Standard_SetConfiguration) refers to usb_prop.o(.data) for Device_Table
    usb_core.o(i.Standard_SetDeviceFeature) refers to usb_init.o(.data) for pInformation
    usb_core.o(i.Standard_SetEndPointFeature) refers to usb_init.o(.data) for pInformation
    usb_core.o(i.Standard_SetEndPointFeature) refers to usb_prop.o(.data) for Device_Table
    usb_core.o(i.Standard_SetInterface) refers to usb_init.o(.data) for pInformation
    usb_init.o(i.USB_Init) refers to usb_init.o(.bss) for .bss
    usb_init.o(i.USB_Init) refers to usb_init.o(.data) for .data
    usb_init.o(i.USB_Init) refers to usb_prop.o(.data) for Device_Property
    usb_init.o(i.USB_Init) refers to usb_prop.o(.data) for User_Standard_Requests
    usb_int.o(i.CTR_HP) refers to usb_init.o(.data) for EPindex
    usb_int.o(i.CTR_HP) refers to usb_istr.o(.data) for wIstr
    usb_int.o(i.CTR_HP) refers to usb_istr.o(.data) for pEpInt_OUT
    usb_int.o(i.CTR_HP) refers to usb_istr.o(.data) for pEpInt_IN
    usb_int.o(i.CTR_LP) refers to usb_core.o(i.In0_Process) for In0_Process
    usb_int.o(i.CTR_LP) refers to usb_core.o(i.Setup0_Process) for Setup0_Process
    usb_int.o(i.CTR_LP) refers to usb_core.o(i.Out0_Process) for Out0_Process
    usb_int.o(i.CTR_LP) refers to usb_int.o(.data) for .data
    usb_int.o(i.CTR_LP) refers to usb_istr.o(.data) for wIstr
    usb_int.o(i.CTR_LP) refers to usb_init.o(.data) for EPindex
    usb_int.o(i.CTR_LP) refers to usb_istr.o(.data) for pEpInt_OUT
    usb_int.o(i.CTR_LP) refers to usb_istr.o(.data) for pEpInt_IN
    usb_regs.o(i.SetDouBleBuffEPStall) refers to usb_regs.o(i.GetENDPOINT) for GetENDPOINT
    usb_sil.o(i.USB_SIL_Init) refers to usb_init.o(.data) for wInterrupt_Mask
    usb_sil.o(i.USB_SIL_Read) refers to usb_regs.o(i.GetEPRxCount) for GetEPRxCount
    usb_sil.o(i.USB_SIL_Read) refers to usb_regs.o(i.GetEPRxAddr) for GetEPRxAddr
    usb_sil.o(i.USB_SIL_Read) refers to usb_mem.o(i.PMAToUserBufferCopy) for PMAToUserBufferCopy
    usb_sil.o(i.USB_SIL_Write) refers to usb_regs.o(i.GetEPTxAddr) for GetEPTxAddr
    usb_sil.o(i.USB_SIL_Write) refers to usb_mem.o(i.UserToPMABufferCopy) for UserToPMABufferCopy
    usb_sil.o(i.USB_SIL_Write) refers to usb_regs.o(i.SetEPTxCount) for SetEPTxCount
    delay_1.o(i.CheckSystemTick) refers to delay_1.o(.data) for .data
    delay_1.o(i.SysTick_Handler) refers to delay_1.o(.data) for .data
    delay_1.o(i.SysTick_init) refers to misc.o(i.NVIC_PriorityGroupConfig) for NVIC_PriorityGroupConfig
    delay_1.o(i.SysTick_init) refers to misc.o(i.NVIC_Init) for NVIC_Init
    delay_1.o(i.SysTick_init) refers to delay_1.o(.data) for .data
    delay_1.o(i.delay_ms) refers to delay_1.o(.data) for .data
    delay_1.o(i.delay_us) refers to delay_1.o(.data) for .data
    dio.o(i.DIO_Initial) refers to stm32f10x_rcc.o(i.RCC_AHBPeriphClockCmd) for RCC_AHBPeriphClockCmd
    dio.o(i.DIO_Initial) refers to stm32f10x_gpio.o(i.GPIO_StructInit) for GPIO_StructInit
    dio.o(i.DIO_Initial) refers to stm32f10x_gpio.o(i.GPIO_Init) for GPIO_Init
    dio.o(i.IOSleep) refers to stm32f10x_rcc.o(i.RCC_AHBPeriphClockCmd) for RCC_AHBPeriphClockCmd
    dio.o(i.IOSleep) refers to stm32f10x_gpio.o(i.GPIO_StructInit) for GPIO_StructInit
    dio.o(i.IOSleep) refers to stm32f10x_gpio.o(i.GPIO_Init) for GPIO_Init
    dio.o(i.IOSleep) refers to dio.o(i.WriteDO) for WriteDO
    dio.o(i.LED_Init) refers to stm32f10x_rcc.o(i.RCC_APB2PeriphClockCmd) for RCC_APB2PeriphClockCmd
    dio.o(i.LED_Init) refers to stm32f10x_gpio.o(i.GPIO_PinRemapConfig) for GPIO_PinRemapConfig
    dio.o(i.LED_Init) refers to stm32f10x_rcc.o(i.RCC_AHBPeriphClockCmd) for RCC_AHBPeriphClockCmd
    dio.o(i.LED_Init) refers to dio.o(i.DIO_Initial) for DIO_Initial
    dio.o(i.LED_Init) refers to dio.o(.data) for .data
    dio.o(i.LED_OFF) refers to dio.o(i.LED_Init) for LED_Init
    dio.o(i.LED_OFF) refers to stm32f10x_gpio.o(i.GPIO_ResetBits) for GPIO_ResetBits
    dio.o(i.LED_OFF) refers to dio.o(.data) for .data
    dio.o(i.LED_ON) refers to dio.o(i.LED_Init) for LED_Init
    dio.o(i.LED_ON) refers to stm32f10x_gpio.o(i.GPIO_SetBits) for GPIO_SetBits
    dio.o(i.LED_ON) refers to dio.o(.data) for .data
    dio.o(i.LED_REVERSE) refers to dio.o(i.LED_Init) for LED_Init
    dio.o(i.LED_REVERSE) refers to stm32f10x_gpio.o(i.GPIO_ReadOutputDataBit) for GPIO_ReadOutputDataBit
    dio.o(i.LED_REVERSE) refers to stm32f10x_gpio.o(i.GPIO_ResetBits) for GPIO_ResetBits
    dio.o(i.LED_REVERSE) refers to stm32f10x_gpio.o(i.GPIO_SetBits) for GPIO_SetBits
    dio.o(i.LED_REVERSE) refers to dio.o(.data) for .data
    ioi2c.o(i.IIC_Init) refers to stm32f10x_rcc.o(i.RCC_APB2PeriphClockCmd) for RCC_APB2PeriphClockCmd
    ioi2c.o(i.IIC_Init) refers to stm32f10x_gpio.o(i.GPIO_Init) for GPIO_Init
    ioi2c.o(i.IIC_Read_Byte) refers to ioi2c.o(i.IIC_Ack) for IIC_Ack
    ioi2c.o(i.IIC_Read_Byte) refers to ioi2c.o(i.IIC_NAck) for IIC_NAck
    ioi2c.o(i.IIC_Wait_Ack) refers to ioi2c.o(i.IIC_Stop) for IIC_Stop
    ioi2c.o(i.IICreadBytes) refers to ioi2c.o(i.IIC_Start) for IIC_Start
    ioi2c.o(i.IICreadBytes) refers to ioi2c.o(i.IIC_Send_Byte) for IIC_Send_Byte
    ioi2c.o(i.IICreadBytes) refers to ioi2c.o(i.IIC_Wait_Ack) for IIC_Wait_Ack
    ioi2c.o(i.IICreadBytes) refers to ioi2c.o(i.IIC_Read_Byte) for IIC_Read_Byte
    ioi2c.o(i.IICreadBytes) refers to ioi2c.o(i.IIC_Stop) for IIC_Stop
    ioi2c.o(i.IICwriteBytes) refers to ioi2c.o(i.IIC_Start) for IIC_Start
    ioi2c.o(i.IICwriteBytes) refers to ioi2c.o(i.IIC_Send_Byte) for IIC_Send_Byte
    ioi2c.o(i.IICwriteBytes) refers to ioi2c.o(i.IIC_Wait_Ack) for IIC_Wait_Ack
    ioi2c.o(i.IICwriteBytes) refers to ioi2c.o(i.IIC_Stop) for IIC_Stop
    uart1.o(i.Initial_UART1) refers to stm32f10x_rcc.o(i.RCC_APB2PeriphClockCmd) for RCC_APB2PeriphClockCmd
    uart1.o(i.Initial_UART1) refers to stm32f10x_gpio.o(i.GPIO_Init) for GPIO_Init
    uart1.o(i.Initial_UART1) refers to stm32f10x_usart.o(i.USART_Init) for USART_Init
    uart1.o(i.Initial_UART1) refers to stm32f10x_usart.o(i.USART_ITConfig) for USART_ITConfig
    uart1.o(i.Initial_UART1) refers to stm32f10x_usart.o(i.USART_ClearFlag) for USART_ClearFlag
    uart1.o(i.Initial_UART1) refers to stm32f10x_usart.o(i.USART_Cmd) for USART_Cmd
    uart1.o(i.Initial_UART1) refers to misc.o(i.NVIC_Init) for NVIC_Init
    uart1.o(i.UART1_Put_Char) refers to stm32f10x_usart.o(i.USART_ITConfig) for USART_ITConfig
    uart1.o(i.UART1_Put_Char) refers to uart1.o(.bss) for .bss
    uart1.o(i.UART1_Put_Char) refers to uart1.o(.data) for .data
    uart1.o(i.UART1_Put_String) refers to uart1.o(i.UART1_Put_Char) for UART1_Put_Char
    uart1.o(i.USART1_IRQHandler) refers to stm32f10x_usart.o(i.USART_GetITStatus) for USART_GetITStatus
    uart1.o(i.USART1_IRQHandler) refers to stm32f10x_usart.o(i.USART_SendData) for USART_SendData
    uart1.o(i.USART1_IRQHandler) refers to stm32f10x_usart.o(i.USART_ITConfig) for USART_ITConfig
    uart1.o(i.USART1_IRQHandler) refers to main.o(i.CopeSerial1Data) for CopeSerial1Data
    uart1.o(i.USART1_IRQHandler) refers to stm32f10x_usart.o(i.USART_ClearITPendingBit) for USART_ClearITPendingBit
    uart1.o(i.USART1_IRQHandler) refers to uart1.o(.bss) for .bss
    uart1.o(i.USART1_IRQHandler) refers to uart1.o(.data) for .data
    uart2.o(i.Initial_UART2) refers to stm32f10x_rcc.o(i.RCC_APB1PeriphClockCmd) for RCC_APB1PeriphClockCmd
    uart2.o(i.Initial_UART2) refers to stm32f10x_gpio.o(i.GPIO_Init) for GPIO_Init
    uart2.o(i.Initial_UART2) refers to stm32f10x_usart.o(i.USART_Init) for USART_Init
    uart2.o(i.Initial_UART2) refers to stm32f10x_usart.o(i.USART_ITConfig) for USART_ITConfig
    uart2.o(i.Initial_UART2) refers to stm32f10x_usart.o(i.USART_ClearFlag) for USART_ClearFlag
    uart2.o(i.Initial_UART2) refers to stm32f10x_usart.o(i.USART_Cmd) for USART_Cmd
    uart2.o(i.Initial_UART2) refers to misc.o(i.NVIC_Init) for NVIC_Init
    uart2.o(i.UART2_Put_Char) refers to stm32f10x_usart.o(i.USART_ITConfig) for USART_ITConfig
    uart2.o(i.UART2_Put_Char) refers to uart2.o(.bss) for .bss
    uart2.o(i.UART2_Put_Char) refers to uart2.o(.data) for .data
    uart2.o(i.UART2_Put_String) refers to uart2.o(i.UART2_Put_Char) for UART2_Put_Char
    uart2.o(i.USART2_IRQHandler) refers to stm32f10x_usart.o(i.USART_GetITStatus) for USART_GetITStatus
    uart2.o(i.USART2_IRQHandler) refers to stm32f10x_usart.o(i.USART_SendData) for USART_SendData
    uart2.o(i.USART2_IRQHandler) refers to stm32f10x_usart.o(i.USART_ClearITPendingBit) for USART_ClearITPendingBit
    uart2.o(i.USART2_IRQHandler) refers to stm32f10x_usart.o(i.USART_ITConfig) for USART_ITConfig
    uart2.o(i.USART2_IRQHandler) refers to main.o(i.CopeSerial2Data) for CopeSerial2Data
    uart2.o(i.USART2_IRQHandler) refers to uart2.o(.bss) for .bss
    uart2.o(i.USART2_IRQHandler) refers to uart2.o(.data) for .data
    entry.o(.ARM.Collect$$$$00000000) refers (Special) to entry10a.o(.ARM.Collect$$$$0000000D) for __rt_final_cpp
    entry.o(.ARM.Collect$$$$00000000) refers (Special) to entry11a.o(.ARM.Collect$$$$0000000F) for __rt_final_exit
    entry.o(.ARM.Collect$$$$00000000) refers (Special) to entry7b.o(.ARM.Collect$$$$00000008) for _main_clock
    entry.o(.ARM.Collect$$$$00000000) refers (Special) to entry8b.o(.ARM.Collect$$$$0000000A) for _main_cpp_init
    entry.o(.ARM.Collect$$$$00000000) refers (Special) to entry9a.o(.ARM.Collect$$$$0000000B) for _main_init
    entry.o(.ARM.Collect$$$$00000000) refers (Special) to entry5.o(.ARM.Collect$$$$00000004) for _main_scatterload
    entry.o(.ARM.Collect$$$$00000000) refers (Special) to entry2.o(.ARM.Collect$$$$00000001) for _main_stk
    dmul.o(.text) refers (Special) to iusefp.o(.text) for __I$use$fp
    dmul.o(.text) refers to depilogue.o(.text) for _double_epilogue
    dfltui.o(.text) refers (Special) to iusefp.o(.text) for __I$use$fp
    dfltui.o(.text) refers to depilogue.o(.text) for _double_epilogue
    dfixui.o(.text) refers (Special) to iusefp.o(.text) for __I$use$fp
    dfixui.o(.text) refers to llushr.o(.text) for __aeabi_llsr
    entry2.o(.ARM.Collect$$$$00000001) refers to entry2.o(.ARM.Collect$$$$00002712) for __lit__00000000
    entry2.o(.ARM.Collect$$$$00002712) refers to startup_stm32f10x_hd.o(STACK) for __initial_sp
    entry2.o(__vectab_stack_and_reset_area) refers to startup_stm32f10x_hd.o(STACK) for __initial_sp
    entry2.o(__vectab_stack_and_reset_area) refers to entry.o(.ARM.Collect$$$$00000000) for __main
    entry5.o(.ARM.Collect$$$$00000004) refers to init.o(.text) for __scatterload
    entry9a.o(.ARM.Collect$$$$0000000B) refers to main.o(i.main) for main
    entry9b.o(.ARM.Collect$$$$0000000C) refers to main.o(i.main) for main
    depilogue.o(.text) refers to llshl.o(.text) for __aeabi_llsl
    depilogue.o(.text) refers to llushr.o(.text) for __aeabi_llsr
    init.o(.text) refers to entry5.o(.ARM.Collect$$$$00000004) for __main_after_scatterload

