Component: ARM Compiler 5.05 update 1 (build 106) Tool: armlink [4d0efa]

==============================================================================

Section Cross References

    main.o(i.CopeSerial1Data) refers to uart2.o(i.UART2_Put_Char) for UART2_Put_Char
    main.o(i.CopeSerial2Data) refers to dio.o(i.LED_REVERSE) for LED_REVERSE
    main.o(i.CopeSerial2Data) refers to hw_config.o(i.USB_TxWrite) for USB_TxWrite
    main.o(i.CopeSerial2Data) refers to main.o(.data) for ucRxCnt
    main.o(i.CopeSerial2Data) refers to main.o(.bss) for ucRxBuffer
    main.o(i.KEY_Init) refers to stm32f10x_rcc.o(i.RCC_APB2PeriphClockCmd) for RCC_APB2PeriphClockCmd
    main.o(i.KEY_Init) refers to stm32f10x_gpio.o(i.GPIO_Init) for GPIO_Init
    main.o(i.main) refers to hw_config.o(i.USB_Config) for USB_Config
    main.o(i.main) refers to delay.o(i.SysTick_init) for SysTick_init
    main.o(i.main) refers to uart1.o(i.Initial_UART1) for Initial_UART1
    main.o(i.main) refers to uart2.o(i.Initial_UART2) for Initial_UART2
    main.o(i.main) refers to misc.o(i.NVIC_PriorityGroupConfig) for NVIC_PriorityGroupConfig
    main.o(i.main) refers to encode.o(i.TIM3_Init) for TIM3_Init
    main.o(i.main) refers to encode.o(i.TIM4_Init) for TIM4_Init
    main.o(i.main) refers to timer.o(i.TIM2_Int_Init) for TIM2_Int_Init
    main.o(i.main) refers to dio.o(i.LED_ON) for LED_ON
    main.o(i.main) refers to delay.o(i.delay_ms) for delay_ms
    main.o(i.main) refers to uart1.o(i.UART1_Put_Char) for UART1_Put_Char
    main.o(i.main) refers to dflti.o(.text) for __aeabi_i2d
    main.o(i.main) refers to dmul.o(.text) for __aeabi_dmul
    main.o(i.main) refers to ddiv.o(.text) for __aeabi_ddiv
    main.o(i.main) refers to dfixi.o(.text) for __aeabi_d2iz
    main.o(i.main) refers to fflti.o(.text) for __aeabi_i2f
    main.o(i.main) refers to fdiv.o(.text) for __aeabi_fdiv
    main.o(i.main) refers to fmul.o(.text) for __aeabi_fmul
    main.o(i.main) refers to f2d.o(.text) for __aeabi_f2d
    main.o(i.main) refers to printfa.o(i.__0sprintf) for __2sprintf
    main.o(i.main) refers to uart1.o(i.UART1_Put_String) for UART1_Put_String
    main.o(i.main) refers to main.o(.data) for xx
    delay.o(i.CheckSystemTick) refers to delay.o(.data) for ucTimeFlag
    delay.o(i.SysTick_Handler) refers to delay.o(.data) for ucTimeFlag
    delay.o(i.SysTick_init) refers to misc.o(i.NVIC_PriorityGroupConfig) for NVIC_PriorityGroupConfig
    delay.o(i.SysTick_init) refers to misc.o(i.NVIC_Init) for NVIC_Init
    delay.o(i.SysTick_init) refers to delay.o(.data) for fac_us
    delay.o(i.delay_ms) refers to delay.o(.data) for fac_ms
    delay.o(i.delay_us) refers to delay.o(.data) for fac_us
    ioi2c.o(i.IIC_Ack) refers to ioi2c.o(i.Delay) for Delay
    ioi2c.o(i.IIC_Init) refers to stm32f10x_rcc.o(i.RCC_APB2PeriphClockCmd) for RCC_APB2PeriphClockCmd
    ioi2c.o(i.IIC_Init) refers to stm32f10x_gpio.o(i.GPIO_Init) for GPIO_Init
    ioi2c.o(i.IIC_NAck) refers to ioi2c.o(i.Delay) for Delay
    ioi2c.o(i.IIC_Read_Byte) refers to ioi2c.o(i.Delay) for Delay
    ioi2c.o(i.IIC_Read_Byte) refers to ioi2c.o(i.IIC_Ack) for IIC_Ack
    ioi2c.o(i.IIC_Read_Byte) refers to ioi2c.o(i.IIC_NAck) for IIC_NAck
    ioi2c.o(i.IIC_Send_Byte) refers to ioi2c.o(i.Delay) for Delay
    ioi2c.o(i.IIC_Start) refers to ioi2c.o(i.Delay) for Delay
    ioi2c.o(i.IIC_Stop) refers to ioi2c.o(i.Delay) for Delay
    ioi2c.o(i.IIC_Wait_Ack) refers to ioi2c.o(i.Delay) for Delay
    ioi2c.o(i.IIC_Wait_Ack) refers to ioi2c.o(i.IIC_Stop) for IIC_Stop
    ioi2c.o(i.IICreadBytes) refers to ioi2c.o(i.IIC_Start) for IIC_Start
    ioi2c.o(i.IICreadBytes) refers to ioi2c.o(i.IIC_Send_Byte) for IIC_Send_Byte
    ioi2c.o(i.IICreadBytes) refers to ioi2c.o(i.IIC_Wait_Ack) for IIC_Wait_Ack
    ioi2c.o(i.IICreadBytes) refers to ioi2c.o(i.IIC_Read_Byte) for IIC_Read_Byte
    ioi2c.o(i.IICreadBytes) refers to ioi2c.o(i.IIC_Stop) for IIC_Stop
    ioi2c.o(i.IICwriteBytes) refers to ioi2c.o(i.IIC_Start) for IIC_Start
    ioi2c.o(i.IICwriteBytes) refers to ioi2c.o(i.IIC_Send_Byte) for IIC_Send_Byte
    ioi2c.o(i.IICwriteBytes) refers to ioi2c.o(i.IIC_Wait_Ack) for IIC_Wait_Ack
    ioi2c.o(i.IICwriteBytes) refers to ioi2c.o(i.IIC_Stop) for IIC_Stop
    uart1.o(i.Initial_UART1) refers to stm32f10x_rcc.o(i.RCC_APB2PeriphClockCmd) for RCC_APB2PeriphClockCmd
    uart1.o(i.Initial_UART1) refers to stm32f10x_gpio.o(i.GPIO_Init) for GPIO_Init
    uart1.o(i.Initial_UART1) refers to stm32f10x_usart.o(i.USART_Init) for USART_Init
    uart1.o(i.Initial_UART1) refers to stm32f10x_usart.o(i.USART_ITConfig) for USART_ITConfig
    uart1.o(i.Initial_UART1) refers to stm32f10x_usart.o(i.USART_ClearFlag) for USART_ClearFlag
    uart1.o(i.Initial_UART1) refers to stm32f10x_usart.o(i.USART_Cmd) for USART_Cmd
    uart1.o(i.Initial_UART1) refers to misc.o(i.NVIC_Init) for NVIC_Init
    uart1.o(i.UART1_Put_Char) refers to stm32f10x_usart.o(i.USART_ITConfig) for USART_ITConfig
    uart1.o(i.UART1_Put_Char) refers to uart1.o(.data) for count
[...]
    ..\\Source\\STM32F10xLib\\src\\stm32f10x_exti.c 0x00000000   Number         0  stm32f10x_exti.o ABSOLUTE
    ..\\Source\\STM32F10xLib\\src\\stm32f10x_flash.c 0x00000000   Number         0  stm32f10x_flash.o ABSOLUTE
    ..\\Source\\STM32F10xLib\\src\\stm32f10x_fsmc.c 0x00000000   Number         0  stm32f10x_fsmc.o ABSOLUTE
    ..\\Source\\STM32F10xLib\\src\\stm32f10x_gpio.c 0x00000000   Number         0  stm32f10x_gpio.o ABSOLUTE
    ..\\Source\\STM32F10xLib\\src\\stm32f10x_i2c.c 0x00000000   Number         0  stm32f10x_i2c.o ABSOLUTE
    ..\\Source\\STM32F10xLib\\src\\stm32f10x_iwdg.c 0x00000000   Number         0  stm32f10x_iwdg.o ABSOLUTE
    ..\\Source\\STM32F10xLib\\src\\stm32f10x_pwr.c 0x00000000   Number         0  stm32f10x_pwr.o ABSOLUTE
    ..\\Source\\STM32F10xLib\\src\\stm32f10x_rcc.c 0x00000000   Number         0  stm32f10x_rcc.o ABSOLUTE
    ..\\Source\\STM32F10xLib\\src\\stm32f10x_rtc.c 0x00000000   Number         0  stm32f10x_rtc.o ABSOLUTE
    ..\\Source\\STM32F10xLib\\src\\stm32f10x_spi.c 0x00000000   Number         0  stm32f10x_spi.o ABSOLUTE
    ..\\Source\\STM32F10xLib\\src\\stm32f10x_tim.c 0x00000000   Number         0  stm32f10x_tim.o ABSOLUTE
    ..\\Source\\STM32F10xLib\\src\\stm32f10x_usart.c 0x00000000   Number         0  stm32f10x_usart.o ABSOLUTE
    ..\\Source\\USB\\lib\\usb_core.c         0x00000000   Number         0  usb_core.o ABSOLUTE
    ..\\Source\\USB\\lib\\usb_init.c         0x00000000   Number         0  usb_init.o ABSOLUTE
    ..\\Source\\USB\\lib\\usb_int.c          0x00000000   Number         0  usb_int.o ABSOLUTE
    ..\\Source\\USB\\lib\\usb_mem.c          0x00000000   Number         0  usb_mem.o ABSOLUTE
    ..\\Source\\USB\\lib\\usb_regs.c         0x00000000   Number         0  usb_regs.o ABSOLUTE
    ..\\Source\\USB\\lib\\usb_sil.c          0x00000000   Number         0  usb_sil.o ABSOLUTE
    ..\\Source\\USB\\src\\hw_config.c        0x00000000   Number         0  hw_config.o ABSOLUTE
    ..\\Source\\USB\\src\\usb_desc.c         0x00000000   Number         0  usb_desc.o ABSOLUTE
    ..\\Source\\USB\\src\\usb_endp.c         0x00000000   Number         0  usb_endp.o ABSOLUTE
    ..\\Source\\USB\\src\\usb_istr.c         0x00000000   Number         0  usb_istr.o ABSOLUTE
    ..\\Source\\USB\\src\\usb_it.c           0x00000000   Number         0  usb_it.o ABSOLUTE
    ..\\Source\\USB\\src\\usb_prop.c         0x00000000   Number         0  usb_prop.o ABSOLUTE
    ..\\Source\\USB\\src\\usb_pwr.c          0x00000000   Number         0  usb_pwr.o ABSOLUTE
    cdrcmple.s                               0x00000000   Number         0  cdrcmple.o ABSOLUTE
    dc.s                                     0x00000000   Number         0  dc.o ABSOLUTE
    handlers.s                               0x00000000   Number         0  handlers.o ABSOLUTE
    init.s                                   0x00000000   Number         0  init.o ABSOLUTE
    RESET                                    0x08000000   Section      304  startup_stm32f10x_hd.o(RESET)
    .ARM.Collect$$$$00000000                 0x08000130   Section        0  entry.o(.ARM.Collect$$$$00000000)
    .ARM.Collect$$$$00000001                 0x08000130   Section        4  entry2.o(.ARM.Collect$$$$00000001)
    .ARM.Collect$$$$00000004                 0x08000134   Section        4  entry5.o(.ARM.Collect$$$$00000004)
    .ARM.Collect$$$$00000008                 0x08000138   Section        0  entry7b.o(.ARM.Collect$$$$00000008)
    .ARM.Collect$$$$0000000A                 0x08000138   Section        0  entry8b.o(.ARM.Collect$$$$0000000A)
    .ARM.Collect$$$$0000000B                 0x08000138   Section        8  entry9a.o(.ARM.Collect$$$$0000000B)
    .ARM.Collect$$$$0000000D                 0x08000140   Section        0  entry10a.o(.ARM.Collect$$$$0000000D)
    .ARM.Collect$$$$0000000F                 0x08000140   Section        0  entry11a.o(.ARM.Collect$$$$0000000F)
    .ARM.Collect$$$$00002712                 0x08000140   Section        4  entry2.o(.ARM.Collect$$$$00002712)
    __lit__00000000                          0x08000140   Data           4  entry2.o(.ARM.Collect$$$$00002712)
    .text                                    0x08000144   Section       36  startup_stm32f10x_hd.o(.text)
    .text                                    0x08000168   Section        0  fmul.o(.text)
    .text                                    0x080001cc   Section        0  fdiv.o(.text)
    .text                                    0x08000248   Section        0  dmul.o(.text)
    .text                                    0x0800032c   Section        0  ddiv.o(.text)
    .text                                    0x0800040a   Section        0  fflti.o(.text)
    .text                                    0x0800041c   Section        0  dflti.o(.text)
    .text                                    0x0800043e   Section        0  dfixi.o(.text)
    .text                                    0x0800047c   Section        0  f2d.o(.text)
    .text                                    0x080004a2   Section        0  uidiv.o(.text)
    .text                                    0x080004ce   Section        0  uldiv.o(.text)
    .text                                    0x08000530   Section        0  llushr.o(.text)
    .text                                    0x08000550   Section        0  fepilogue.o(.text)
    .text                                    0x08000550   Section        0  iusefp.o(.text)
    .text                                    0x080005be   Section        0  depilogue.o(.text)
    .text                                    0x08000678   Section        0  dadd.o(.text)
    .text                                    0x080007c6   Section        0  dfixul.o(.text)
    .text                                    0x080007f8   Section       48  cdrcmple.o(.text)
    .text                                    0x08000828   Section       36  init.o(.text)
    .text                                    0x0800084c   Section        0  llshl.o(.text)
    .text                                    0x0800086a   Section        0  llsshr.o(.text)
    .text                                    0x0800088e   Section        0  __dczerorl2.o(.text)
    i.BusFault_Handler                       0x080008e4   Section        0  stm32f10x_it.o(i.BusFault_Handler)
    i.ByteSwap                               0x080008e8   Section        0  usb_regs.o(i.ByteSwap)
    i.CTR_LP                                 0x080008f4   Section        0  usb_int.o(i.CTR_LP)
    i.ClearDTOG_RX                           0x08000b7c   Section        0  usb_regs.o(i.ClearDTOG_RX)
    i.ClearDTOG_TX                           0x08000bb0   Section        0  usb_regs.o(i.ClearDTOG_TX)
    i.Clear_Status_Out                       0x08000be4   Section        0  usb_regs.o(i.Clear_Status_Out)
    i.CopeSerial1Data                        0x08000c0c   Section        0  main.o(i.CopeSerial1Data)
    i.CopeSerial2Data                        0x08000c18   Section        0  main.o(i.CopeSerial2Data)
    i.DIO_Initial                            0x08000d48   Section        0  dio.o(i.DIO_Initial)
    i.DataStageIn                            0x08000d98   Section        0  usb_core.o(i.DataStageIn)
    DataStageIn                              0x08000d99   Thumb Code   166  usb_core.o(i.DataStageIn)
    i.DataStageOut                           0x08000e58   Section        0  usb_core.o(i.DataStageOut)
    DataStageOut                             0x08000e59   Thumb Code   166  usb_core.o(i.DataStageOut)
    i.Data_Setup0                            0x08000f14   Section        0  usb_core.o(i.Data_Setup0)
    Data_Setup0                              0x08000f15   Thumb Code   628  usb_core.o(i.Data_Setup0)
    i.DebugMon_Handler                       0x080011ac   Section        0  stm32f10x_it.o(i.DebugMon_Handler)
    i.EP1_IN_Callback                        0x080011b0   Section        0  usb_endp.o(i.EP1_IN_Callback)
    i.EP3_OUT_Callback                       0x08001200   Section        0  usb_endp.o(i.EP3_OUT_Callback)
    i.EXTI_ClearITPendingBit                 0x08001220   Section        0  stm32f10x_exti.o(i.EXTI_ClearITPendingBit)
    i.EXTI_Init                              0x0800122c   Section        0  stm32f10x_exti.o(i.EXTI_Init)
    i.GPIO_Init                              0x080012c0   Section        0  stm32f10x_gpio.o(i.GPIO_Init)
    i.GPIO_PinRemapConfig                    0x080013d8   Section        0  stm32f10x_gpio.o(i.GPIO_PinRemapConfig)
    i.GPIO_ReadOutputDataBit                 0x08001468   Section        0  stm32f10x_gpio.o(i.GPIO_ReadOutputDataBit)
    i.GPIO_ResetBits                         0x0800147a   Section        0  stm32f10x_gpio.o(i.GPIO_ResetBits)
    i.GPIO_SetBits                           0x0800147e   Section        0  stm32f10x_gpio.o(i.GPIO_SetBits)
    i.GPIO_StructInit                        0x08001482   Section        0  stm32f10x_gpio.o(i.GPIO_StructInit)
    i.GetEPRxAddr                            0x08001494   Section        0  usb_regs.o(i.GetEPRxAddr)
    i.GetEPRxCount                           0x080014b4   Section        0  usb_regs.o(i.GetEPRxCount)
    i.GetEPTxAddr                            0x080014d8   Section        0  usb_regs.o(i.GetEPTxAddr)
    i.Get_SerialNum                          0x080014f8   Section        0  hw_config.o(i.Get_SerialNum)
    i.HardFault_Handler                      0x0800152c   Section        0  stm32f10x_it.o(i.HardFault_Handler)
    i.In0_Process                            0x08001530   Section        0  usb_core.o(i.In0_Process)
    i.Initial_UART1                          0x080015a0   Section        0  uart1.o(i.Initial_UART1)
    i.Initial_UART2                          0x08001658   Section        0  uart2.o(i.Initial_UART2)
    i.IntToUnicode                           0x0800170c   Section        0  hw_config.o(i.IntToUnicode)
    IntToUnicode                             0x0800170d   Thumb Code    62  hw_config.o(i.IntToUnicode)
    i.LED_Init                               0x0800174c   Section        0  dio.o(i.LED_Init)
    i.LED_ON                                 0x08001788   Section        0  dio.o(i.LED_ON)
    i.LED_REVERSE                            0x080017a8   Section        0  dio.o(i.LED_REVERSE)
    i.Leave_LowPowerMode                     0x080017e0   Section        0  hw_config.o(i.Leave_LowPowerMode)
    i.MemManage_Handler                      0x08001800   Section        0  stm32f10x_it.o(i.MemManage_Handler)
    i.NMI_Handler                            0x08001804   Section        0  stm32f10x_it.o(i.NMI_Handler)
    i.NOP_Process                            0x08001806   Section        0  usb_core.o(i.NOP_Process)
    i.NVIC_Init                              0x08001808   Section        0  misc.o(i.NVIC_Init)
    i.NVIC_PriorityGroupConfig               0x08001878   Section        0  misc.o(i.NVIC_PriorityGroupConfig)
    i.NoData_Setup0                          0x0800188c   Section        0  usb_core.o(i.NoData_Setup0)
    NoData_Setup0                            0x0800188d   Thumb Code   290  usb_core.o(i.NoData_Setup0)
    i.Out0_Process                           0x080019c4   Section        0  usb_core.o(i.Out0_Process)
    i.PMAToUserBufferCopy                    0x08001a14   Section        0  usb_mem.o(i.PMAToUserBufferCopy)
    i.PendSV_Handler                         0x08001a3c   Section        0  stm32f10x_it.o(i.PendSV_Handler)
    i.Post0_Process                          0x08001a40   Section        0  usb_core.o(i.Post0_Process)
    i.PowerOn                                0x08001a88   Section        0  usb_pwr.o(i.PowerOn)
    i.QUEUE_PacketCreate                     0x08001ac8   Section        0  queue.o(i.QUEUE_PacketCreate)
    i.QUEUE_PacketIn                         0x08001ad6   Section        0  queue.o(i.QUEUE_PacketIn)
    i.QUEUE_PacketOut                        0x08001b12   Section        0  queue.o(i.QUEUE_PacketOut)
    i.RCC_AHBPeriphClockCmd                  0x08001b4c   Section        0  stm32f10x_rcc.o(i.RCC_AHBPeriphClockCmd)
    i.RCC_APB1PeriphClockCmd                 0x08001b6c   Section        0  stm32f10x_rcc.o(i.RCC_APB1PeriphClockCmd)
    i.RCC_APB1PeriphResetCmd                 0x08001b8c   Section        0  stm32f10x_rcc.o(i.RCC_APB1PeriphResetCmd)
    i.RCC_APB2PeriphClockCmd                 0x08001bac   Section        0  stm32f10x_rcc.o(i.RCC_APB2PeriphClockCmd)
    i.RCC_APB2PeriphResetCmd                 0x08001bcc   Section        0  stm32f10x_rcc.o(i.RCC_APB2PeriphResetCmd)
    i.RCC_GetClocksFreq                      0x08001bec   Section        0  stm32f10x_rcc.o(i.RCC_GetClocksFreq)
    i.RCC_USBCLKConfig                       0x08001cc0   Section        0  stm32f10x_rcc.o(i.RCC_USBCLKConfig)
    i.Resume                                 0x08001ccc   Section        0  usb_pwr.o(i.Resume)
    i.Resume_Init                            0x08001d9c   Section        0  usb_pwr.o(i.Resume_Init)
    i.SOF_Callback                           0x08001dc0   Section        0  usb_endp.o(i.SOF_Callback)
    i.SVC_Handler                            0x08001e24   Section        0  stm32f10x_it.o(i.SVC_Handler)
    i.SetBTABLE                              0x08001e28   Section        0  usb_regs.o(i.SetBTABLE)
    i.SetDeviceAddress                       0x08001e38   Section        0  usb_core.o(i.SetDeviceAddress)
    i.SetEPRxAddr                            0x08001e88   Section        0  usb_regs.o(i.SetEPRxAddr)
    i.SetEPRxCount                           0x08001eac   Section        0  usb_regs.o(i.SetEPRxCount)
    i.SetEPRxStatus                          0x08001ef8   Section        0  usb_regs.o(i.SetEPRxStatus)
    i.SetEPRxValid                           0x08001f38   Section        0  usb_regs.o(i.SetEPRxValid)
    i.SetEPTxAddr                            0x08001f6c   Section        0  usb_regs.o(i.SetEPTxAddr)
    i.SetEPTxCount                           0x08001f8c   Section        0  usb_regs.o(i.SetEPTxCount)
    i.SetEPTxStatus                          0x08001fa8   Section        0  usb_regs.o(i.SetEPTxStatus)
    i.SetEPTxValid                           0x08001fe8   Section        0  usb_regs.o(i.SetEPTxValid)
    i.SetEPType                              0x0800201c   Section        0  usb_regs.o(i.SetEPType)
    i.SetSysClock                            0x08002040   Section        0  system_stm32f10x.o(i.SetSysClock)
    SetSysClock                              0x08002041   Thumb Code     8  system_stm32f10x.o(i.SetSysClock)
    i.SetSysClockTo72                        0x08002048   Section        0  system_stm32f10x.o(i.SetSysClockTo72)
    SetSysClockTo72                          0x08002049   Thumb Code   214  system_stm32f10x.o(i.SetSysClockTo72)
    i.Set_System                             0x08002128   Section        0  hw_config.o(i.Set_System)
    i.Set_USBClock                           0x080021a0   Section        0  hw_config.o(i.Set_USBClock)
    i.Setup0_Process                         0x080021b4   Section        0  usb_core.o(i.Setup0_Process)
    i.Standard_ClearFeature                  0x0800226c   Section        0  usb_core.o(i.Standard_ClearFeature)
    i.Standard_GetConfiguration              0x080023d8   Section        0  usb_core.o(i.Standard_GetConfiguration)
    i.Standard_GetDescriptorData             0x08002404   Section        0  usb_core.o(i.Standard_GetDescriptorData)
    i.Standard_GetInterface                  0x08002428   Section        0  usb_core.o(i.Standard_GetInterface)
    i.Standard_GetStatus                     0x08002454   Section        0  usb_core.o(i.Standard_GetStatus)
    i.Standard_SetConfiguration              0x08002554   Section        0  usb_core.o(i.Standard_SetConfiguration)
    i.Standard_SetDeviceFeature              0x0800259c   Section        0  usb_core.o(i.Standard_SetDeviceFeature)
    i.Standard_SetEndPointFeature            0x080025c4   Section        0  usb_core.o(i.Standard_SetEndPointFeature)
    i.Standard_SetInterface                  0x08002694   Section        0  usb_core.o(i.Standard_SetInterface)
    i.Suspend                                0x08002700   Section        0  usb_pwr.o(i.Suspend)
    i.SysTick_Handler                        0x08002804   Section        0  delay.o(i.SysTick_Handler)
    i.SysTick_init                           0x08002824   Section        0  delay.o(i.SysTick_init)
    i.SystemInit                             0x080028a0   Section        0  system_stm32f10x.o(i.SystemInit)
    i.TI1_Config                             0x08002900   Section        0  stm32f10x_tim.o(i.TI1_Config)
    TI1_Config                               0x08002901   Thumb Code   108  stm32f10x_tim.o(i.TI1_Config)
    i.TI2_Config                             0x08002980   Section        0  stm32f10x_tim.o(i.TI2_Config)
    TI2_Config                               0x08002981   Thumb Code   130  stm32f10x_tim.o(i.TI2_Config)
    i.TI3_Config                             0x08002a18   Section        0  stm32f10x_tim.o(i.TI3_Config)
    TI3_Config                               0x08002a19   Thumb Code   122  stm32f10x_tim.o(i.TI3_Config)
    i.TI4_Config                             0x08002aa8   Section        0  stm32f10x_tim.o(i.TI4_Config)
    TI4_Config                               0x08002aa9   Thumb Code   130  stm32f10x_tim.o(i.TI4_Config)
    i.TIM2_IRQHandler                        0x08002b40   Section        0  timer.o(i.TIM2_IRQHandler)
    i.TIM2_Int_Init                          0x08002b78   Section        0  timer.o(i.TIM2_Int_Init)
    i.TIM3_Init                              0x08002bd4   Section        0  encode.o(i.TIM3_Init)
    i.TIM3_Mode_Config                       0x08002bdc   Section        0  encode.o(i.TIM3_Mode_Config)
    TIM3_Mode_Config                         0x08002bdd   Thumb Code   134  encode.o(i.TIM3_Mode_Config)
    i.TIM4_Init                              0x08002c6c   Section        0  encode.o(i.TIM4_Init)
    i.TIM4_Mode_Config                       0x08002c74   Section        0  encode.o(i.TIM4_Mode_Config)
    TIM4_Mode_Config                         0x08002c75   Thumb Code   134  encode.o(i.TIM4_Mode_Config)
    i.TIM_ClearITPendingBit                  0x08002d04   Section        0  stm32f10x_tim.o(i.TIM_ClearITPendingBit)
    i.TIM_Cmd                                0x08002d0a   Section        0  stm32f10x_tim.o(i.TIM_Cmd)
    i.TIM_DeInit                             0x08002d24   Section        0  stm32f10x_tim.o(i.TIM_DeInit)
    i.TIM_EncoderInterfaceConfig             0x08002f0c   Section        0  stm32f10x_tim.o(i.TIM_EncoderInterfaceConfig)
    i.TIM_GetITStatus                        0x08002f4e   Section        0  stm32f10x_tim.o(i.TIM_GetITStatus)
    i.TIM_ICInit                             0x08002f70   Section        0  stm32f10x_tim.o(i.TIM_ICInit)
    i.TIM_ICStructInit                       0x0800301c   Section        0  stm32f10x_tim.o(i.TIM_ICStructInit)
    i.TIM_ITConfig                           0x0800302e   Section        0  stm32f10x_tim.o(i.TIM_ITConfig)
    i.TIM_SetIC1Prescaler                    0x08003040   Section        0  stm32f10x_tim.o(i.TIM_SetIC1Prescaler)
    i.TIM_SetIC2Prescaler                    0x08003052   Section        0  stm32f10x_tim.o(i.TIM_SetIC2Prescaler)
    i.TIM_SetIC3Prescaler                    0x0800306c   Section        0  stm32f10x_tim.o(i.TIM_SetIC3Prescaler)
    i.TIM_SetIC4Prescaler                    0x0800307e   Section        0  stm32f10x_tim.o(i.TIM_SetIC4Prescaler)
    i.TIM_TimeBaseInit                       0x08003098   Section        0  stm32f10x_tim.o(i.TIM_TimeBaseInit)
    i.UART1_Put_Char                         0x0800313c   Section        0  uart1.o(i.UART1_Put_Char)
    i.UART1_Put_String                       0x0800316c   Section        0  uart1.o(i.UART1_Put_String)
    i.UART2_Put_Char                         0x0800319c   Section        0  uart2.o(i.UART2_Put_Char)
    i.USART1_IRQHandler                      0x080031cc   Section        0  uart1.o(i.USART1_IRQHandler)
    i.USART2_IRQHandler                      0x08003254   Section        0  uart2.o(i.USART2_IRQHandler)
    i.USART_ClearFlag                        0x080032dc   Section        0  stm32f10x_usart.o(i.USART_ClearFlag)
    i.USART_ClearITPendingBit                0x080032ee   Section        0  stm32f10x_usart.o(i.USART_ClearITPendingBit)
    i.USART_Cmd                              0x0800330c   Section        0  stm32f10x_usart.o(i.USART_Cmd)
    i.USART_GetITStatus                      0x08003324   Section        0  stm32f10x_usart.o(i.USART_GetITStatus)
    i.USART_ITConfig                         0x08003378   Section        0  stm32f10x_usart.o(i.USART_ITConfig)
    i.USART_Init                             0x080033c4   Section        0  stm32f10x_usart.o(i.USART_Init)
    i.USART_SendData                         0x0800349c   Section        0  stm32f10x_usart.o(i.USART_SendData)
    i.USBWakeUp_IRQHandler                   0x080034a4   Section        0  usb_it.o(i.USBWakeUp_IRQHandler)
    i.USB_Cable_Config                       0x080034b0   Section        0  hw_config.o(i.USB_Cable_Config)
    i.USB_Config                             0x080034d4   Section        0  hw_config.o(i.USB_Config)
    i.USB_Init                               0x080034e8   Section        0  usb_init.o(i.USB_Init)
    i.USB_Interrupts_Config                  0x08003524   Section        0  hw_config.o(i.USB_Interrupts_Config)
    i.USB_Istr                               0x08003558   Section        0  usb_istr.o(i.USB_Istr)
    i.USB_LP_CAN1_RX0_IRQHandler             0x08003728   Section        0  usb_it.o(i.USB_LP_CAN1_RX0_IRQHandler)
    i.USB_RxWrite                            0x08003730   Section        0  hw_config.o(i.USB_RxWrite)
    i.USB_SIL_Init                           0x08003748   Section        0  usb_sil.o(i.USB_SIL_Init)
    i.USB_SIL_Read                           0x0800376c   Section        0  usb_sil.o(i.USB_SIL_Read)
    i.USB_TxRead                             0x0800379c   Section        0  hw_config.o(i.USB_TxRead)
    i.USB_TxWrite                            0x080037b4   Section        0  hw_config.o(i.USB_TxWrite)
    i.UsageFault_Handler                     0x080037cc   Section        0  stm32f10x_it.o(i.UsageFault_Handler)
    i.UserToPMABufferCopy                    0x080037d0   Section        0  usb_mem.o(i.UserToPMABufferCopy)
    i.Virtual_Com_Port_Data_Setup            0x08003808   Section        0  usb_prop.o(i.Virtual_Com_Port_Data_Setup)
    i.Virtual_Com_Port_GetConfigDescriptor   0x0800386c   Section        0  usb_prop.o(i.Virtual_Com_Port_GetConfigDescriptor)
    i.Virtual_Com_Port_GetDeviceDescriptor   0x08003880   Section        0  usb_prop.o(i.Virtual_Com_Port_GetDeviceDescriptor)
    i.Virtual_Com_Port_GetLineCoding         0x08003894   Section        0  usb_prop.o(i.Virtual_Com_Port_GetLineCoding)
    i.Virtual_Com_Port_GetStringDescriptor   0x080038b0   Section        0  usb_prop.o(i.Virtual_Com_Port_GetStringDescriptor)
    i.Virtual_Com_Port_Get_Interface_Setting 0x080038d8   Section        0  usb_prop.o(i.Virtual_Com_Port_Get_Interface_Setting)
    i.Virtual_Com_Port_NoData_Setup          0x080038f0   Section        0  usb_prop.o(i.Virtual_Com_Port_NoData_Setup)
    i.Virtual_Com_Port_Reset                 0x08003918   Section        0  usb_prop.o(i.Virtual_Com_Port_Reset)
    i.Virtual_Com_Port_SetConfiguration      0x08003a00   Section        0  usb_prop.o(i.Virtual_Com_Port_SetConfiguration)
    i.Virtual_Com_Port_SetDeviceAddress      0x08003a18   Section        0  usb_prop.o(i.Virtual_Com_Port_SetDeviceAddress)
    i.Virtual_Com_Port_SetLineCoding         0x08003a24   Section        0  usb_prop.o(i.Virtual_Com_Port_SetLineCoding)
    i.Virtual_Com_Port_Status_In             0x08003a40   Section        0  usb_prop.o(i.Virtual_Com_Port_Status_In)
    i.Virtual_Com_Port_Status_Out            0x08003a54   Section        0  usb_prop.o(i.Virtual_Com_Port_Status_Out)
    i.Virtual_Com_Port_init                  0x08003a58   Section        0  usb_prop.o(i.Virtual_Com_Port_init)
    i.__0sprintf                             0x08003a80   Section        0  printfa.o(i.__0sprintf)
    i.__scatterload_copy                     0x08003aa8   Section       14  handlers.o(i.__scatterload_copy)
    i.__scatterload_null                     0x08003ab6   Section        2  handlers.o(i.__scatterload_null)
    i.__scatterload_zeroinit                 0x08003ab8   Section       14  handlers.o(i.__scatterload_zeroinit)
    i._fp_digits                             0x08003ac8   Section        0  printfa.o(i._fp_digits)
    _fp_digits                               0x08003ac9   Thumb Code   334  printfa.o(i._fp_digits)
    i._printf_core                           0x08003c2c   Section        0  printfa.o(i._printf_core)
    _printf_core                             0x08003c2d   Thumb Code  1744  printfa.o(i._printf_core)
    i._printf_post_padding                   0x08004308   Section        0  printfa.o(i._printf_post_padding)
    _printf_post_padding                     0x08004309   Thumb Code    36  printfa.o(i._printf_post_padding)
    i._printf_pre_padding                    0x0800432c   Section        0  printfa.o(i._printf_pre_padding)
    _printf_pre_padding                      0x0800432d   Thumb Code    46  printfa.o(i._printf_pre_padding)
    i._sputc                                 0x0800435a   Section        0  printfa.o(i._sputc)
    _sputc                                   0x0800435b   Thumb Code    10  printfa.o(i._sputc)
    i.delay_ms                               0x08004364   Section        0  delay.o(i.delay_ms)
    i.main                                   0x0800440c   Section        0  main.o(i.main)
    .constdata                               0x08004850   Section      151  usb_desc.o(.constdata)
    .data                                    0x20000000   Section      103  main.o(.data)
    ucRxCnt                                  0x20000066   Data           1  main.o(.data)
    .data                                    0x20000068   Section        6  delay.o(.data)
    fac_us                                   0x20000068   Data           1  delay.o(.data)
    fac_ms                                   0x2000006a   Data           2  delay.o(.data)
    .data                                    0x2000006e   Section        2  uart1.o(.data)
    TxCounter                                0x2000006e   Data           1  uart1.o(.data)
    count                                    0x2000006f   Data           1  uart1.o(.data)
    .data                                    0x20000070   Section        2  uart2.o(.data)
    TxCounter                                0x20000070   Data           1  uart2.o(.data)
    count                                    0x20000071   Data           1  uart2.o(.data)
    .data                                    0x20000072   Section        1  dio.o(.data)
    .data                                    0x20000073   Section       20  stm32f10x_rcc.o(.data)
    APBAHBPrescTable                         0x20000073   Data          16  stm32f10x_rcc.o(.data)
    ADCPrescTable                            0x20000083   Data           4  stm32f10x_rcc.o(.data)
    .data                                    0x20000088   Section       12  hw_config.o(.data)
    .data                                    0x20000094   Section       38  usb_desc.o(.data)
    .data                                    0x200000bc   Section        8  usb_endp.o(.data)
    txFlg                                    0x200000bc   Data           1  usb_endp.o(.data)
    FrameCount                               0x200000c0   Data           4  usb_endp.o(.data)
    .data                                    0x200000c4   Section       68  usb_istr.o(.data)
    .data                                    0x20000108   Section      148  usb_prop.o(.data)
    .data                                    0x2000019c   Section       12  usb_pwr.o(.data)
    .data                                    0x200001a8   Section        3  usb_core.o(.data)
    .data                                    0x200001ac   Section       20  usb_init.o(.data)
    .data                                    0x200001c0   Section        4  usb_int.o(.data)
    .bss                                     0x200001c4   Section      250  main.o(.bss)
    ucRxBuffer                               0x200001c4   Data         250  main.o(.bss)
    .bss                                     0x200002be   Section      256  uart1.o(.bss)
    TxBuffer                                 0x200002be   Data         256  uart1.o(.bss)
    .bss                                     0x200003be   Section      256  uart2.o(.bss)
    TxBuffer                                 0x200003be   Data         256  uart2.o(.bss)
    .bss                                     0x200004c0   Section     2608  hw_config.o(.bss)
    m_QueueUsbComRx                          0x200004d0   Data          16  hw_config.o(.bss)
    m_QueueUsbComTx                          0x200004e0   Data          16  hw_config.o(.bss)
    m_UsbComRxBuf                            0x200004f0   Data        1280  hw_config.o(.bss)
    m_UsbComTxBuf                            0x200009f0   Data        1280  hw_config.o(.bss)
    .bss                                     0x20000ef0   Section      128  usb_endp.o(.bss)
    txBuffter                                0x20000ef0   Data          64  usb_endp.o(.bss)
    buffter                                  0x20000f30   Data          64  usb_endp.o(.bss)
    .bss                                     0x20000f70   Section       32  usb_pwr.o(.bss)
    .bss                                     0x20000f90   Section       28  usb_init.o(.bss)
    STACK                                    0x20000fb0   Section     1024  startup_stm32f10x_hd.o(STACK)

    Global Symbols

    Symbol Name                              Value     Ov Type        Size  Object(Section)

    BuildAttributes$$THM_ISAv4$P$D$K$B$S$PE$A:L22UL41UL21$X:L11$S22US41US21$IEEE1$IW$USESV6$~STKCKD$USESV7$~SHL$OTIME$ROPI$EBA8$MICROLIB$REQ8$PRES8$EABIv2 0x00000000   Number         0  anon$$obj.o ABSOLUTE
    __ARM_use_no_argv                        0x00000000   Number         0  main.o ABSOLUTE
    _printf_a                                0x00000000   Number         0  stubs.o ABSOLUTE
    _printf_c                                0x00000000   Number         0  stubs.o ABSOLUTE
    _printf_charcount                        0x00000000   Number         0  stubs.o ABSOLUTE
    _printf_d                                0x00000000   Number         0  stubs.o ABSOLUTE
    _printf_e                                0x00000000   Number         0  stubs.o ABSOLUTE
    _printf_f                                0x00000000   Number         0  stubs.o ABSOLUTE
    _printf_flags                            0x00000000   Number         0  stubs.o ABSOLUTE
    _printf_fp_dec                           0x00000000   Number         0  stubs.o ABSOLUTE
    _printf_fp_hex                           0x00000000   Number         0  stubs.o ABSOLUTE
    _printf_g                                0x00000000   Number         0  stubs.o ABSOLUTE
    _printf_i                                0x00000000   Number         0  stubs.o ABSOLUTE
    _printf_int_dec                          0x00000000   Number         0  stubs.o ABSOLUTE
    _printf_l                                0x00000000   Number         0  stubs.o ABSOLUTE
    _printf_lc                               0x00000000   Number         0  stubs.o ABSOLUTE
    _printf_ll                               0x00000000   Number         0  stubs.o ABSOLUTE
    _printf_lld                              0x00000000   Number         0  stubs.o ABSOLUTE
    _printf_lli                              0x00000000   Number         0  stubs.o ABSOLUTE
    _printf_llo                              0x00000000   Number         0  stubs.o ABSOLUTE
    _printf_llu                              0x00000000   Number         0  stubs.o ABSOLUTE
    _printf_llx                              0x00000000   Number         0  stubs.o ABSOLUTE
    _printf_longlong_dec                     0x00000000   Number         0  stubs.o ABSOLUTE
    _printf_longlong_hex                     0x00000000   Number         0  stubs.o ABSOLUTE
    _printf_longlong_oct                     0x00000000   Number         0  stubs.o ABSOLUTE
    _printf_ls                               0x00000000   Number         0  stubs.o ABSOLUTE
    _printf_mbtowc                           0x00000000   Number         0  stubs.o ABSOLUTE
    _printf_n                                0x00000000   Number         0  stubs.o ABSOLUTE
    _printf_o                                0x00000000   Number         0  stubs.o ABSOLUTE
    _printf_p                                0x00000000   Number         0  stubs.o ABSOLUTE
    _printf_percent                          0x00000000   Number         0  stubs.o ABSOLUTE
    _printf_pre_padding                      0x00000000   Number         0  stubs.o ABSOLUTE
    _printf_return_value                     0x00000000   Number         0  stubs.o ABSOLUTE
    _printf_s                                0x00000000   Number         0  stubs.o ABSOLUTE
    _printf_sizespec                         0x00000000   Number         0  stubs.o ABSOLUTE
    _printf_str                              0x00000000   Number         0  stubs.o ABSOLUTE
    _printf_truncate_signed                  0x00000000   Number         0  stubs.o ABSOLUTE
    _printf_truncate_unsigned                0x00000000   Number         0  stubs.o ABSOLUTE
    _printf_u                                0x00000000   Number         0  stubs.o ABSOLUTE
    _printf_wc                               0x00000000   Number         0  stubs.o ABSOLUTE
    _printf_wctomb                           0x00000000   Number         0  stubs.o ABSOLUTE
    _printf_widthprec                        0x00000000   Number         0  stubs.o ABSOLUTE
    _printf_x                                0x00000000   Number         0  stubs.o ABSOLUTE
    __cpp_initialize__aeabi_                  - Undefined Weak Reference
    __cxa_finalize                            - Undefined Weak Reference
    _clock_init                               - Undefined Weak Reference
    _microlib_exit                            - Undefined Weak Reference
    __Vectors_Size                           0x00000130   Number         0  startup_stm32f10x_hd.o ABSOLUTE
    __Vectors                                0x08000000   Data           4  startup_stm32f10x_hd.o(RESET)
    __Vectors_End                            0x08000130   Data           0  startup_stm32f10x_hd.o(RESET)
    __main                                   0x08000131   Thumb Code     0  entry.o(.ARM.Collect$$$$00000000)
    _main_stk                                0x08000131   Thumb Code     0  entry2.o(.ARM.Collect$$$$00000001)
    _main_scatterload                        0x08000135   Thumb Code     0  entry5.o(.ARM.Collect$$$$00000004)
    __main_after_scatterload                 0x08000139   Thumb Code     0  entry5.o(.ARM.Collect$$$$00000004)
    _main_clock                              0x08000139   Thumb Code     0  entry7b.o(.ARM.Collect$$$$00000008)
    _main_cpp_init                           0x08000139   Thumb Code     0  entry8b.o(.ARM.Collect$$$$0000000A)
    _main_init                               0x08000139   Thumb Code     0  entry9a.o(.ARM.Collect$$$$0000000B)
    __rt_final_cpp                           0x08000141   Thumb Code     0  entry10a.o(.ARM.Collect$$$$0000000D)
    __rt_final_exit                          0x08000141   Thumb Code     0  entry11a.o(.ARM.Collect$$$$0000000F)
    Reset_Handler                            0x08000145   Thumb Code     8  startup_stm32f10x_hd.o(.text)
    ADC1_2_IRQHandler                        0x0800015f   Thumb Code     0  startup_stm32f10x_hd.o(.text)
    ADC3_IRQHandler                          0x0800015f   Thumb Code     0  startup_stm32f10x_hd.o(.text)
    CAN1_RX1_IRQHandler                      0x0800015f   Thumb Code     0  startup_stm32f10x_hd.o(.text)
    CAN1_SCE_IRQHandler                      0x0800015f   Thumb Code     0  startup_stm32f10x_hd.o(.text)
    DMA1_Channel1_IRQHandler                 0x0800015f   Thumb Code     0  startup_stm32f10x_hd.o(.text)
    DMA1_Channel2_IRQHandler                 0x0800015f   Thumb Code     0  startup_stm32f10x_hd.o(.text)
    DMA1_Channel3_IRQHandler                 0x0800015f   Thumb Code     0  startup_stm32f10x_hd.o(.text)
    DMA1_Channel4_IRQHandler                 0x0800015f   Thumb Code     0  startup_stm32f10x_hd.o(.text)
    DMA1_Channel5_IRQHandler                 0x0800015f   Thumb Code     0  startup_stm32f10x_hd.o(.text)
    DMA1_Channel6_IRQHandler                 0x0800015f   Thumb Code     0  startup_stm32f10x_hd.o(.text)
    DMA1_Channel7_IRQHandler                 0x0800015f   Thumb Code     0  startup_stm32f10x_hd.o(.text)
    DMA2_Channel1_IRQHandler                 0x0800015f   Thumb Code     0  startup_stm32f10x_hd.o(.text)
    DMA2_Channel2_IRQHandler                 0x0800015f   Thumb Code     0  startup_stm32f10x_hd.o(.text)
    DMA2_Channel3_IRQHandler                 0x0800015f   Thumb Code     0  startup_stm32f10x_hd.o(.text)
    DMA2_Channel4_5_IRQHandler               0x0800015f   Thumb Code     0  startup_stm32f10x_hd.o(.text)
    EXTI0_IRQHandler                         0x0800015f   Thumb Code     0  startup_stm32f10x_hd.o(.text)
    EXTI15_10_IRQHandler                     0x0800015f   Thumb Code     0  startup_stm32f10x_hd.o(.text)
    EXTI1_IRQHandler                         0x0800015f   Thumb Code     0  startup_stm32f10x_hd.o(.text)
    EXTI2_IRQHandler                         0x0800015f   Thumb Code     0  startup_stm32f10x_hd.o(.text)
    EXTI3_IRQHandler                         0x0800015f   Thumb Code     0  startup_stm32f10x_hd.o(.text)
    EXTI4_IRQHandler                         0x0800015f   Thumb Code     0  startup_stm32f10x_hd.o(.text)
    EXTI9_5_IRQHandler                       0x0800015f   Thumb Code     0  startup_stm32f10x_hd.o(.text)
    FLASH_IRQHandler                         0x0800015f   Thumb Code     0  startup_stm32f10x_hd.o(.text)
    FSMC_IRQHandler                          0x0800015f   Thumb Code     0  startup_stm32f10x_hd.o(.text)
    I2C1_ER_IRQHandler                       0x0800015f   Thumb Code     0  startup_stm32f10x_hd.o(.text)
    I2C1_EV_IRQHandler                       0x0800015f   Thumb Code     0  startup_stm32f10x_hd.o(.text)
    I2C2_ER_IRQHandler                       0x0800015f   Thumb Code     0  startup_stm32f10x_hd.o(.text)
    I2C2_EV_IRQHandler                       0x0800015f   Thumb Code     0  startup_stm32f10x_hd.o(.text)
    PVD_IRQHandler                           0x0800015f   Thumb Code     0  startup_stm32f10x_hd.o(.text)
    RCC_IRQHandler                           0x0800015f   Thumb Code     0  startup_stm32f10x_hd.o(.text)
    RTCAlarm_IRQHandler                      0x0800015f   Thumb Code     0  startup_stm32f10x_hd.o(.text)
    RTC_IRQHandler                           0x0800015f   Thumb Code     0  startup_stm32f10x_hd.o(.text)
    SDIO_IRQHandler                          0x0800015f   Thumb Code     0  startup_stm32f10x_hd.o(.text)
    SPI1_IRQHandler                          0x0800015f   Thumb Code     0  startup_stm32f10x_hd.o(.text)
    SPI2_IRQHandler                          0x0800015f   Thumb Code     0  startup_stm32f10x_hd.o(.text)
    SPI3_IRQHandler                          0x0800015f   Thumb Code     0  startup_stm32f10x_hd.o(.text)
    TAMPER_IRQHandler                        0x0800015f   Thumb Code     0  startup_stm32f10x_hd.o(.text)
    TIM1_BRK_IRQHandler                      0x0800015f   Thumb Code     0  startup_stm32f10x_hd.o(.text)
    TIM1_CC_IRQHandler                       0x0800015f   Thumb Code     0  startup_stm32f10x_hd.o(.text)
    TIM1_TRG_COM_IRQHandler                  0x0800015f   Thumb Code     0  startup_stm32f10x_hd.o(.text)
    TIM1_UP_IRQHandler                       0x0800015f   Thumb Code     0  startup_stm32f10x_hd.o(.text)
    TIM3_IRQHandler                          0x0800015f   Thumb Code     0  startup_stm32f10x_hd.o(.text)
    TIM4_IRQHandler                          0x0800015f   Thumb Code     0  startup_stm32f10x_hd.o(.text)
    TIM5_IRQHandler                          0x0800015f   Thumb Code     0  startup_stm32f10x_hd.o(.text)
    TIM6_IRQHandler                          0x0800015f   Thumb Code     0  startup_stm32f10x_hd.o(.text)
    TIM7_IRQHandler                          0x0800015f   Thumb Code     0  startup_stm32f10x_hd.o(.text)
    TIM8_BRK_IRQHandler                      0x0800015f   Thumb Code     0  startup_stm32f10x_hd.o(.text)
    TIM8_CC_IRQHandler                       0x0800015f   Thumb Code     0  startup_stm32f10x_hd.o(.text)
    TIM8_TRG_COM_IRQHandler                  0x0800015f   Thumb Code     0  startup_stm32f10x_hd.o(.text)
    TIM8_UP_IRQHandler                       0x0800015f   Thumb Code     0  startup_stm32f10x_hd.o(.text)
    UART4_IRQHandler                         0x0800015f   Thumb Code     0  startup_stm32f10x_hd.o(.text)
    UART5_IRQHandler                         0x0800015f   Thumb Code     0  startup_stm32f10x_hd.o(.text)
    USART3_IRQHandler                        0x0800015f   Thumb Code     0  startup_stm32f10x_hd.o(.text)
    USB_HP_CAN1_TX_IRQHandler                0x0800015f   Thumb Code     0  startup_stm32f10x_hd.o(.text)
    WWDG_IRQHandler                          0x0800015f   Thumb Code     0  startup_stm32f10x_hd.o(.text)
    __aeabi_fmul                             0x08000169   Thumb Code   100  fmul.o(.text)
    __aeabi_fdiv                             0x080001cd   Thumb Code   124  fdiv.o(.text)
    __aeabi_dmul                             0x08000249   Thumb Code   228  dmul.o(.text)
    __aeabi_ddiv                             0x0800032d   Thumb Code   222  ddiv.o(.text)
    __aeabi_i2f                              0x0800040b   Thumb Code    18  fflti.o(.text)
    __aeabi_i2d                              0x0800041d   Thumb Code    34  dflti.o(.text)
    __aeabi_d2iz                             0x0800043f   Thumb Code    62  dfixi.o(.text)
    __aeabi_f2d                              0x0800047d   Thumb Code    38  f2d.o(.text)
    __aeabi_uidiv                            0x080004a3   Thumb Code     0  uidiv.o(.text)
    __aeabi_uidivmod                         0x080004a3   Thumb Code    44  uidiv.o(.text)
    __aeabi_uldivmod                         0x080004cf   Thumb Code    98  uldiv.o(.text)
    __aeabi_llsr                             0x08000531   Thumb Code    32  llushr.o(.text)
    _ll_ushift_r                             0x08000531   Thumb Code     0  llushr.o(.text)
    __I$use$fp                               0x08000551   Thumb Code     0  iusefp.o(.text)
    _float_round                             0x08000551   Thumb Code    18  fepilogue.o(.text)
    _float_epilogue                          0x08000563   Thumb Code    92  fepilogue.o(.text)
    _double_round                            0x080005bf   Thumb Code    30  depilogue.o(.text)
    _double_epilogue                         0x080005dd   Thumb Code   156  depilogue.o(.text)
    __aeabi_dadd                             0x08000679   Thumb Code   322  dadd.o(.text)
    __aeabi_dsub                             0x080007bb   Thumb Code     6  dadd.o(.text)
    __aeabi_drsub                            0x080007c1   Thumb Code     6  dadd.o(.text)
    __aeabi_d2ulz                            0x080007c7   Thumb Code    48  dfixul.o(.text)
    __aeabi_cdrcmple                         0x080007f9   Thumb Code    48  cdrcmple.o(.text)
    __scatterload                            0x08000829   Thumb Code    28  init.o(.text)
    __scatterload_rt2                        0x08000829   Thumb Code     0  init.o(.text)
    __aeabi_llsl                             0x0800084d   Thumb Code    30  llshl.o(.text)
    _ll_shift_l                              0x0800084d   Thumb Code     0  llshl.o(.text)
    __aeabi_lasr                             0x0800086b   Thumb Code    36  llsshr.o(.text)
    _ll_sshift_r                             0x0800086b   Thumb Code     0  llsshr.o(.text)
    __decompress                             0x0800088f   Thumb Code     0  __dczerorl2.o(.text)
    __decompress1                            0x0800088f   Thumb Code    86  __dczerorl2.o(.text)
    BusFault_Handler                         0x080008e5   Thumb Code     4  stm32f10x_it.o(i.BusFault_Handler)
    ByteSwap                                 0x080008e9   Thumb Code    12  usb_regs.o(i.ByteSwap)
    CTR_LP                                   0x080008f5   Thumb Code   616  usb_int.o(i.CTR_LP)
    ClearDTOG_RX                             0x08000b7d   Thumb Code    48  usb_regs.o(i.ClearDTOG_RX)
    ClearDTOG_TX                             0x08000bb1   Thumb Code    48  usb_regs.o(i.ClearDTOG_TX)
    Clear_Status_Out                         0x08000be5   Thumb Code    34  usb_regs.o(i.Clear_Status_Out)
    CopeSerial1Data                          0x08000c0d   Thumb Code    12  main.o(i.CopeSerial1Data)
    CopeSerial2Data                          0x08000c19   Thumb Code   254  main.o(i.CopeSerial2Data)
    DIO_Initial                              0x08000d49   Thumb Code    80  dio.o(i.DIO_Initial)
    DebugMon_Handler                         0x080011ad   Thumb Code     2  stm32f10x_it.o(i.DebugMon_Handler)
    EP1_IN_Callback                          0x080011b1   Thumb Code    66  usb_endp.o(i.EP1_IN_Callback)
    EP3_OUT_Callback                         0x08001201   Thumb Code    28  usb_endp.o(i.EP3_OUT_Callback)
    EXTI_ClearITPendingBit                   0x08001221   Thumb Code     6  stm32f10x_exti.o(i.EXTI_ClearITPendingBit)
    EXTI_Init                                0x0800122d   Thumb Code   142  stm32f10x_exti.o(i.EXTI_Init)
    GPIO_Init                                0x080012c1   Thumb Code   278  stm32f10x_gpio.o(i.GPIO_Init)
    GPIO_PinRemapConfig                      0x080013d9   Thumb Code   138  stm32f10x_gpio.o(i.GPIO_PinRemapConfig)
    GPIO_ReadOutputDataBit                   0x08001469   Thumb Code    18  stm32f10x_gpio.o(i.GPIO_ReadOutputDataBit)
    GPIO_ResetBits                           0x0800147b   Thumb Code     4  stm32f10x_gpio.o(i.GPIO_ResetBits)
    GPIO_SetBits                             0x0800147f   Thumb Code     4  stm32f10x_gpio.o(i.GPIO_SetBits)
    GPIO_StructInit                          0x08001483   Thumb Code    16  stm32f10x_gpio.o(i.GPIO_StructInit)
    GetEPRxAddr                              0x08001495   Thumb Code    24  usb_regs.o(i.GetEPRxAddr)
    GetEPRxCount                             0x080014b5   Thumb Code    26  usb_regs.o(i.GetEPRxCount)
    GetEPTxAddr                              0x080014d9   Thumb Code    22  usb_regs.o(i.GetEPTxAddr)
    Get_SerialNum                            0x080014f9   Thumb Code    42  hw_config.o(i.Get_SerialNum)
    HardFault_Handler                        0x0800152d   Thumb Code     4  stm32f10x_it.o(i.HardFault_Handler)
    In0_Process                              0x08001531   Thumb Code    98  usb_core.o(i.In0_Process)
    Initial_UART1                            0x080015a1   Thumb Code   174  uart1.o(i.Initial_UART1)
    Initial_UART2                            0x08001659   Thumb Code   168  uart2.o(i.Initial_UART2)
    LED_Init                                 0x0800174d   Thumb Code    46  dio.o(i.LED_Init)
    LED_ON                                   0x08001789   Thumb Code    24  dio.o(i.LED_ON)
    LED_REVERSE                              0x080017a9   Thumb Code    48  dio.o(i.LED_REVERSE)
    Leave_LowPowerMode                       0x080017e1   Thumb Code    22  hw_config.o(i.Leave_LowPowerMode)
    MemManage_Handler                        0x08001801   Thumb Code     4  stm32f10x_it.o(i.MemManage_Handler)
    NMI_Handler                              0x08001805   Thumb Code     2  stm32f10x_it.o(i.NMI_Handler)
    NOP_Process                              0x08001807   Thumb Code     2  usb_core.o(i.NOP_Process)
    NVIC_Init                                0x08001809   Thumb Code   100  misc.o(i.NVIC_Init)
    NVIC_PriorityGroupConfig                 0x08001879   Thumb Code    10  misc.o(i.NVIC_PriorityGroupConfig)
    Out0_Process                             0x080019c5   Thumb Code    70  usb_core.o(i.Out0_Process)
    PMAToUserBufferCopy                      0x08001a15   Thumb Code    34  usb_mem.o(i.PMAToUserBufferCopy)
    PendSV_Handler                           0x08001a3d   Thumb Code     2  stm32f10x_it.o(i.PendSV_Handler)
    Post0_Process                            0x08001a41   Thumb Code    54  usb_core.o(i.Post0_Process)
    PowerOn                                  0x08001a89   Thumb Code    54  usb_pwr.o(i.PowerOn)
    QUEUE_PacketCreate                       0x08001ac9   Thumb Code    14  queue.o(i.QUEUE_PacketCreate)
    QUEUE_PacketIn                           0x08001ad7   Thumb Code    60  queue.o(i.QUEUE_PacketIn)
    QUEUE_PacketOut                          0x08001b13   Thumb Code    58  queue.o(i.QUEUE_PacketOut)
    RCC_AHBPeriphClockCmd                    0x08001b4d   Thumb Code    26  stm32f10x_rcc.o(i.RCC_AHBPeriphClockCmd)
    RCC_APB1PeriphClockCmd                   0x08001b6d   Thumb Code    26  stm32f10x_rcc.o(i.RCC_APB1PeriphClockCmd)
    RCC_APB1PeriphResetCmd                   0x08001b8d   Thumb Code    26  stm32f10x_rcc.o(i.RCC_APB1PeriphResetCmd)
    RCC_APB2PeriphClockCmd                   0x08001bad   Thumb Code    26  stm32f10x_rcc.o(i.RCC_APB2PeriphClockCmd)
    RCC_APB2PeriphResetCmd                   0x08001bcd   Thumb Code    26  stm32f10x_rcc.o(i.RCC_APB2PeriphResetCmd)
    RCC_GetClocksFreq                        0x08001bed   Thumb Code   192  stm32f10x_rcc.o(i.RCC_GetClocksFreq)
    RCC_USBCLKConfig                         0x08001cc1   Thumb Code     6  stm32f10x_rcc.o(i.RCC_USBCLKConfig)
    Resume                                   0x08001ccd   Thumb Code   194  usb_pwr.o(i.Resume)
    Resume_Init                              0x08001d9d   Thumb Code    30  usb_pwr.o(i.Resume_Init)
    SOF_Callback                             0x08001dc1   Thumb Code    84  usb_endp.o(i.SOF_Callback)
    SVC_Handler                              0x08001e25   Thumb Code     2  stm32f10x_it.o(i.SVC_Handler)
    SetBTABLE                                0x08001e29   Thumb Code    12  usb_regs.o(i.SetBTABLE)
    SetDeviceAddress                         0x08001e39   Thumb Code    68  usb_core.o(i.SetDeviceAddress)
    SetEPRxAddr                              0x08001e89   Thumb Code    26  usb_regs.o(i.SetEPRxAddr)
    SetEPRxCount                             0x08001ead   Thumb Code    68  usb_regs.o(i.SetEPRxCount)
    SetEPRxStatus                            0x08001ef9   Thumb Code    60  usb_regs.o(i.SetEPRxStatus)
    SetEPRxValid                             0x08001f39   Thumb Code    48  usb_regs.o(i.SetEPRxValid)
    SetEPTxAddr                              0x08001f6d   Thumb Code    24  usb_regs.o(i.SetEPTxAddr)
    SetEPTxCount                             0x08001f8d   Thumb Code    20  usb_regs.o(i.SetEPTxCount)
    SetEPTxStatus                            0x08001fa9   Thumb Code    60  usb_regs.o(i.SetEPTxStatus)
    SetEPTxValid                             0x08001fe9   Thumb Code    48  usb_regs.o(i.SetEPTxValid)
    SetEPType                                0x0800201d   Thumb Code    32  usb_regs.o(i.SetEPType)
    Set_System                               0x08002129   Thumb Code    94  hw_config.o(i.Set_System)
    Set_USBClock                             0x080021a1   Thumb Code    18  hw_config.o(i.Set_USBClock)
    Setup0_Process                           0x080021b5   Thumb Code   170  usb_core.o(i.Setup0_Process)
    Standard_ClearFeature                    0x0800226d   Thumb Code   342  usb_core.o(i.Standard_ClearFeature)
    Standard_GetConfiguration                0x080023d9   Thumb Code    34  usb_core.o(i.Standard_GetConfiguration)
    Standard_GetDescriptorData               0x08002405   Thumb Code    32  usb_core.o(i.Standard_GetDescriptorData)
    Standard_GetInterface                    0x08002429   Thumb Code    34  usb_core.o(i.Standard_GetInterface)
    Standard_GetStatus                       0x08002455   Thumb Code   238  usb_core.o(i.Standard_GetStatus)
    Standard_SetConfiguration                0x08002555   Thumb Code    60  usb_core.o(i.Standard_SetConfiguration)
    Standard_SetDeviceFeature                0x0800259d   Thumb Code    30  usb_core.o(i.Standard_SetDeviceFeature)
    Standard_SetEndPointFeature              0x080025c5   Thumb Code   192  usb_core.o(i.Standard_SetEndPointFeature)
    Standard_SetInterface                    0x08002695   Thumb Code    96  usb_core.o(i.Standard_SetInterface)
    Suspend                                  0x08002701   Thumb Code   238  usb_pwr.o(i.Suspend)
    SysTick_Handler                          0x08002805   Thumb Code    24  delay.o(i.SysTick_Handler)
    SysTick_init                             0x08002825   Thumb Code   114  delay.o(i.SysTick_init)
    SystemInit                               0x080028a1   Thumb Code    78  system_stm32f10x.o(i.SystemInit)
    TIM2_IRQHandler                          0x08002b41   Thumb Code    38  timer.o(i.TIM2_IRQHandler)
    TIM2_Int_Init                            0x08002b79   Thumb Code    92  timer.o(i.TIM2_Int_Init)
    TIM3_Init                                0x08002bd5   Thumb Code     8  encode.o(i.TIM3_Init)
    TIM4_Init                                0x08002c6d   Thumb Code     8  encode.o(i.TIM4_Init)
    TIM_ClearITPendingBit                    0x08002d05   Thumb Code     6  stm32f10x_tim.o(i.TIM_ClearITPendingBit)
    TIM_Cmd                                  0x08002d0b   Thumb Code    24  stm32f10x_tim.o(i.TIM_Cmd)
    TIM_DeInit                               0x08002d25   Thumb Code   424  stm32f10x_tim.o(i.TIM_DeInit)
    TIM_EncoderInterfaceConfig               0x08002f0d   Thumb Code    66  stm32f10x_tim.o(i.TIM_EncoderInterfaceConfig)
    TIM_GetITStatus                          0x08002f4f   Thumb Code    34  stm32f10x_tim.o(i.TIM_GetITStatus)
    TIM_ICInit                               0x08002f71   Thumb Code   150  stm32f10x_tim.o(i.TIM_ICInit)
    TIM_ICStructInit                         0x0800301d   Thumb Code    18  stm32f10x_tim.o(i.TIM_ICStructInit)
    TIM_ITConfig                             0x0800302f   Thumb Code    18  stm32f10x_tim.o(i.TIM_ITConfig)
    TIM_SetIC1Prescaler                      0x08003041   Thumb Code    18  stm32f10x_tim.o(i.TIM_SetIC1Prescaler)
    TIM_SetIC2Prescaler                      0x08003053   Thumb Code    26  stm32f10x_tim.o(i.TIM_SetIC2Prescaler)
    TIM_SetIC3Prescaler                      0x0800306d   Thumb Code    18  stm32f10x_tim.o(i.TIM_SetIC3Prescaler)
    TIM_SetIC4Prescaler                      0x0800307f   Thumb Code    26  stm32f10x_tim.o(i.TIM_SetIC4Prescaler)
    TIM_TimeBaseInit                         0x08003099   Thumb Code   122  stm32f10x_tim.o(i.TIM_TimeBaseInit)
    UART1_Put_Char                           0x0800313d   Thumb Code    34  uart1.o(i.UART1_Put_Char)
    UART1_Put_String                         0x0800316d   Thumb Code    46  uart1.o(i.UART1_Put_String)
    UART2_Put_Char                           0x0800319d   Thumb Code    34  uart2.o(i.UART2_Put_Char)
    USART1_IRQHandler                        0x080031cd   Thumb Code   118  uart1.o(i.USART1_IRQHandler)
    USART2_IRQHandler                        0x08003255   Thumb Code   118  uart2.o(i.USART2_IRQHandler)
    USART_ClearFlag                          0x080032dd   Thumb Code    18  stm32f10x_usart.o(i.USART_ClearFlag)
    USART_ClearITPendingBit                  0x080032ef   Thumb Code    30  stm32f10x_usart.o(i.USART_ClearITPendingBit)
    USART_Cmd                                0x0800330d   Thumb Code    24  stm32f10x_usart.o(i.USART_Cmd)
    USART_GetITStatus                        0x08003325   Thumb Code    84  stm32f10x_usart.o(i.USART_GetITStatus)
    USART_ITConfig                           0x08003379   Thumb Code    74  stm32f10x_usart.o(i.USART_ITConfig)
    USART_Init                               0x080033c5   Thumb Code   210  stm32f10x_usart.o(i.USART_Init)
    USART_SendData                           0x0800349d   Thumb Code     8  stm32f10x_usart.o(i.USART_SendData)
    USBWakeUp_IRQHandler                     0x080034a5   Thumb Code    12  usb_it.o(i.USBWakeUp_IRQHandler)
    USB_Cable_Config                         0x080034b1   Thumb Code    30  hw_config.o(i.USB_Cable_Config)
    USB_Config                               0x080034d5   Thumb Code    20  hw_config.o(i.USB_Config)
    USB_Init                                 0x080034e9   Thumb Code    36  usb_init.o(i.USB_Init)
    USB_Interrupts_Config                    0x08003525   Thumb Code    52  hw_config.o(i.USB_Interrupts_Config)
    USB_Istr                                 0x08003559   Thumb Code   426  usb_istr.o(i.USB_Istr)
    USB_LP_CAN1_RX0_IRQHandler               0x08003729   Thumb Code     8  usb_it.o(i.USB_LP_CAN1_RX0_IRQHandler)
    USB_RxWrite                              0x08003731   Thumb Code    18  hw_config.o(i.USB_RxWrite)
    USB_SIL_Init                             0x08003749   Thumb Code    28  usb_sil.o(i.USB_SIL_Init)
    USB_SIL_Read                             0x0800376d   Thumb Code    46  usb_sil.o(i.USB_SIL_Read)
    USB_TxRead                               0x0800379d   Thumb Code    18  hw_config.o(i.USB_TxRead)
    USB_TxWrite                              0x080037b5   Thumb Code    18  hw_config.o(i.USB_TxWrite)
    UsageFault_Handler                       0x080037cd   Thumb Code     4  stm32f10x_it.o(i.UsageFault_Handler)
    UserToPMABufferCopy                      0x080037d1   Thumb Code    52  usb_mem.o(i.UserToPMABufferCopy)
    Virtual_Com_Port_Data_Setup              0x08003809   Thumb Code    82  usb_prop.o(i.Virtual_Com_Port_Data_Setup)
    Virtual_Com_Port_GetConfigDescriptor     0x0800386d   Thumb Code    14  usb_prop.o(i.Virtual_Com_Port_GetConfigDescriptor)
    Virtual_Com_Port_GetDeviceDescriptor     0x08003881   Thumb Code    14  usb_prop.o(i.Virtual_Com_Port_GetDeviceDescriptor)
    Virtual_Com_Port_GetLineCoding           0x08003895   Thumb Code    20  usb_prop.o(i.Virtual_Com_Port_GetLineCoding)
    Virtual_Com_Port_GetStringDescriptor     0x080038b1   Thumb Code    32  usb_prop.o(i.Virtual_Com_Port_GetStringDescriptor)
    Virtual_Com_Port_Get_Interface_Setting   0x080038d9   Thumb Code    22  usb_prop.o(i.Virtual_Com_Port_Get_Interface_Setting)
    Virtual_Com_Port_NoData_Setup            0x080038f1   Thumb Code    36  usb_prop.o(i.Virtual_Com_Port_NoData_Setup)
    Virtual_Com_Port_Reset                   0x08003919   Thumb Code   216  usb_prop.o(i.Virtual_Com_Port_Reset)
    Virtual_Com_Port_SetConfiguration        0x08003a01   Thumb Code    14  usb_prop.o(i.Virtual_Com_Port_SetConfiguration)
    Virtual_Com_Port_SetDeviceAddress        0x08003a19   Thumb Code     8  usb_prop.o(i.Virtual_Com_Port_SetDeviceAddress)
    Virtual_Com_Port_SetLineCoding           0x08003a25   Thumb Code    20  usb_prop.o(i.Virtual_Com_Port_SetLineCoding)
    Virtual_Com_Port_Status_In               0x08003a41   Thumb Code    16  usb_prop.o(i.Virtual_Com_Port_Status_In)
    Virtual_Com_Port_Status_Out              0x08003a55   Thumb Code     2  usb_prop.o(i.Virtual_Com_Port_Status_Out)
    Virtual_Com_Port_init                    0x08003a59   Thumb Code    30  usb_prop.o(i.Virtual_Com_Port_init)
    __0sprintf                               0x08003a81   Thumb Code    34  printfa.o(i.__0sprintf)
    __1sprintf                               0x08003a81   Thumb Code     0  printfa.o(i.__0sprintf)
    __2sprintf                               0x08003a81   Thumb Code     0  printfa.o(i.__0sprintf)
    __c89sprintf                             0x08003a81   Thumb Code     0  printfa.o(i.__0sprintf)
    sprintf                                  0x08003a81   Thumb Code     0  printfa.o(i.__0sprintf)
    __scatterload_copy                       0x08003aa9   Thumb Code    14  handlers.o(i.__scatterload_copy)
    __scatterload_null                       0x08003ab7   Thumb Code     2  handlers.o(i.__scatterload_null)
    __scatterload_zeroinit                   0x08003ab9   Thumb Code    14  handlers.o(i.__scatterload_zeroinit)
    delay_ms                                 0x08004365   Thumb Code   158  delay.o(i.delay_ms)
    main                                     0x0800440d   Thumb Code  1024  main.o(i.main)
    Virtual_Com_Port_DeviceDescriptor        0x08004850   Data          18  usb_desc.o(.constdata)
    Virtual_Com_Port_ConfigDescriptor        0x08004862   Data          67  usb_desc.o(.constdata)
    Virtual_Com_Port_StringLangID            0x080048a5   Data           4  usb_desc.o(.constdata)
    Virtual_Com_Port_StringVendor            0x080048a9   Data          24  usb_desc.o(.constdata)
    Virtual_Com_Port_StringProduct           0x080048c1   Data          38  usb_desc.o(.constdata)
    Region$$Table$$Base                      0x080048e8   Number         0  anon$$obj.o(Region$$Table)
    Region$$Table$$Limit                     0x08004908   Number         0  anon$$obj.o(Region$$Table)
    stcTime                                  0x20000000   Data           8  main.o(.data)
    stcAcc                                   0x20000008   Data           8  main.o(.data)
    stcGyro                                  0x20000010   Data           8  main.o(.data)
    stcAngle                                 0x20000018   Data           8  main.o(.data)
    stcMag                                   0x20000020   Data           8  main.o(.data)
    stcDStatus                               0x20000028   Data           8  main.o(.data)
    stcPress                                 0x20000030   Data           8  main.o(.data)
    stcLonLat                                0x20000038   Data           8  main.o(.data)
    stcGPSV                                  0x20000040   Data           8  main.o(.data)
    stcQ                                     0x20000048   Data           8  main.o(.data)
    tx                                       0x20000050   Data           9  main.o(.data)
    xx                                       0x2000005a   Data           2  main.o(.data)
    yy                                       0x2000005c   Data           2  main.o(.data)
    xl                                       0x2000005e   Data           2  main.o(.data)
    yl                                       0x20000060   Data           2  main.o(.data)
    txx                                      0x20000062   Data           2  main.o(.data)
    tyy                                      0x20000064   Data           2  main.o(.data)
    ucTimeFlag                               0x2000006c   Data           1  delay.o(.data)
    ucDelayFlag                              0x2000006d   Data           1  delay.o(.data)
    ucLEDInitial                             0x20000072   Data           1  dio.o(.data)
    HSEStartUpStatus                         0x20000088   Data           1  hw_config.o(.data)
    EXTI_InitStructure                       0x2000008c   Data           8  hw_config.o(.data)
    Virtual_Com_Port_StringSerial            0x20000094   Data          38  usb_desc.o(.data)
    wIstr                                    0x200000c4   Data           2  usb_istr.o(.data)
    bIntPackSOF                              0x200000c6   Data           1  usb_istr.o(.data)
    esof_counter                             0x200000c8   Data           4  usb_istr.o(.data)
    wCNTR                                    0x200000cc   Data           4  usb_istr.o(.data)
    pEpInt_IN                                0x200000d0   Data          28  usb_istr.o(.data)
    pEpInt_OUT                               0x200000ec   Data          28  usb_istr.o(.data)
    Request                                  0x20000108   Data           1  usb_prop.o(.data)
    linecoding                               0x2000010c   Data           8  usb_prop.o(.data)
    Device_Table                             0x20000114   Data           2  usb_prop.o(.data)
    Device_Property                          0x20000118   Data          48  usb_prop.o(.data)
    User_Standard_Requests                   0x20000148   Data          36  usb_prop.o(.data)
    Device_Descriptor                        0x2000016c   Data           8  usb_prop.o(.data)
    Config_Descriptor                        0x20000174   Data           8  usb_prop.o(.data)
    String_Descriptor                        0x2000017c   Data          32  usb_prop.o(.data)
    bDeviceState                             0x2000019c   Data           4  usb_pwr.o(.data)
    fSuspendEnabled                          0x200001a0   Data           1  usb_pwr.o(.data)
    ResumeS                                  0x200001a1   Data           2  usb_pwr.o(.data)
    remotewakeupon                           0x200001a4   Data           4  usb_pwr.o(.data)
    StatusInfo                               0x200001a8   Data           2  usb_core.o(.data)
    Data_Mul_MaxPacketSize                   0x200001aa   Data           1  usb_core.o(.data)
    EPindex                                  0x200001ac   Data           1  usb_init.o(.data)
    pInformation                             0x200001b0   Data           4  usb_init.o(.data)
    pProperty                                0x200001b4   Data           4  usb_init.o(.data)
    SaveState                                0x200001b8   Data           2  usb_init.o(.data)
    wInterrupt_Mask                          0x200001ba   Data           2  usb_init.o(.data)
    pUser_Standard_Requests                  0x200001bc   Data           4  usb_init.o(.data)
    SaveRState                               0x200001c0   Data           2  usb_int.o(.data)
    SaveTState                               0x200001c2   Data           2  usb_int.o(.data)
    USART_InitStructure                      0x200004c0   Data          16  hw_config.o(.bss)
    EP                                       0x20000f70   Data          32  usb_pwr.o(.bss)
    Device_Info                              0x20000f90   Data          28  usb_init.o(.bss)
    __initial_sp                             0x200013b0   Data           0  startup_stm32f10x_hd.o(STACK)



==============================================================================

Memory Map of the image

  Image Entry point : 0x08000131

  Load Region LR_IROM1 (Base: 0x08000000, Size: 0x00004acc, Max: 0x00010000, ABSOLUTE, COMPRESSED[0x000049ac])

    Execution Region ER_IROM1 (Base: 0x08000000, Size: 0x00004908, Max: 0x00010000, ABSOLUTE)

    Base Addr    Size         Type   Attr      Idx    E Section Name        Object

    0x08000000   0x00000130   Data   RO         3286    RESET               startup_stm32f10x_hd.o
    0x08000130   0x00000000   Code   RO         4643  * .ARM.Collect$$$$00000000  mc_w.l(entry.o)
    0x08000130   0x00000004   Code   RO         4927    .ARM.Collect$$$$00000001  mc_w.l(entry2.o)
    0x08000134   0x00000004   Code   RO         4930    .ARM.Collect$$$$00000004  mc_w.l(entry5.o)
    0x08000138   0x00000000   Code   RO         4932    .ARM.Collect$$$$00000008  mc_w.l(entry7b.o)
    0x08000138   0x00000000   Code   RO         4934    .ARM.Collect$$$$0000000A  mc_w.l(entry8b.o)
    0x08000138   0x00000008   Code   RO         4935    .ARM.Collect$$$$0000000B  mc_w.l(entry9a.o)
    0x08000140   0x00000000   Code   RO         4937    .ARM.Collect$$$$0000000D  mc_w.l(entry10a.o)
    0x08000140   0x00000000   Code   RO         4939    .ARM.Collect$$$$0000000F  mc_w.l(entry11a.o)
    0x08000140   0x00000004   Code   RO         4928    .ARM.Collect$$$$00002712  mc_w.l(entry2.o)
    0x08000144   0x00000024   Code   RO         3287    .text               startup_stm32f10x_hd.o
    0x08000168   0x00000064   Code   RO         4911    .text               mf_w.l(fmul.o)
    0x080001cc   0x0000007c   Code   RO         4913    .text               mf_w.l(fdiv.o)
    0x08000248   0x000000e4   Code   RO         4915    .text               mf_w.l(dmul.o)
    0x0800032c   0x000000de   Code   RO         4917    .text               mf_w.l(ddiv.o)
    0x0800040a   0x00000012   Code   RO         4919    .text               mf_w.l(fflti.o)
    0x0800041c   0x00000022   Code   RO         4921    .text               mf_w.l(dflti.o)
    0x0800043e   0x0000003e   Code   RO         4923    .text               mf_w.l(dfixi.o)
    0x0800047c   0x00000026   Code   RO         4925    .text               mf_w.l(f2d.o)
    0x080004a2   0x0000002c   Code   RO         4944    .text               mc_w.l(uidiv.o)
    0x080004ce   0x00000062   Code   RO         4946    .text               mc_w.l(uldiv.o)
    0x08000530   0x00000020   Code   RO         4948    .text               mc_w.l(llushr.o)
    0x08000550   0x00000000   Code   RO         4950    .text               mc_w.l(iusefp.o)
    0x08000550   0x0000006e   Code   RO         4951    .text               mf_w.l(fepilogue.o)
    0x080005be   0x000000ba   Code   RO         4953    .text               mf_w.l(depilogue.o)
    0x08000678   0x0000014e   Code   RO         4955    .text               mf_w.l(dadd.o)
    0x080007c6   0x00000030   Code   RO         4957    .text               mf_w.l(dfixul.o)
    0x080007f6   0x00000002   PAD
    0x080007f8   0x00000030   Code   RO         4959    .text               mf_w.l(cdrcmple.o)
    0x08000828   0x00000024   Code   RO         4961    .text               mc_w.l(init.o)
    0x0800084c   0x0000001e   Code   RO         4964    .text               mc_w.l(llshl.o)
    0x0800086a   0x00000024   Code   RO         4966    .text               mc_w.l(llsshr.o)
    0x0800088e   0x00000056   Code   RO         4977    .text               mc_w.l(__dczerorl2.o)
    0x080008e4   0x00000004   Code   RO         2864    i.BusFault_Handler  stm32f10x_it.o
    0x080008e8   0x0000000c   Code   RO         4238    i.ByteSwap          usb_regs.o
    0x080008f4   0x00000288   Code   RO         4167    i.CTR_LP            usb_int.o
    0x08000b7c   0x00000034   Code   RO         4239    i.ClearDTOG_RX      usb_regs.o
    0x08000bb0   0x00000034   Code   RO         4240    i.ClearDTOG_TX      usb_regs.o
    0x08000be4   0x00000028   Code   RO         4245    i.Clear_Status_Out  usb_regs.o
    0x08000c0c   0x0000000c   Code   RO            4    i.CopeSerial1Data   main.o
    0x08000c18   0x00000130   Code   RO            5    i.CopeSerial2Data   main.o
    0x08000d48   0x00000050   Code   RO          385    i.DIO_Initial       dio.o
    0x08000d98   0x000000c0   Code   RO         4000    i.DataStageIn       usb_core.o
    0x08000e58   0x000000bc   Code   RO         4001    i.DataStageOut      usb_core.o
    0x08000f14   0x00000298   Code   RO         4002    i.Data_Setup0       usb_core.o
    0x080011ac   0x00000002   Code   RO         2865    i.DebugMon_Handler  stm32f10x_it.o
    0x080011ae   0x00000002   PAD
    0x080011b0   0x00000050   Code   RO         3730    i.EP1_IN_Callback   usb_endp.o
    0x08001200   0x00000020   Code   RO         3731    i.EP3_OUT_Callback  usb_endp.o
    0x08001220   0x0000000c   Code   RO         1307    i.EXTI_ClearITPendingBit  stm32f10x_exti.o
    0x0800122c   0x00000094   Code   RO         1312    i.EXTI_Init         stm32f10x_exti.o
    0x080012c0   0x00000116   Code   RO         1567    i.GPIO_Init         stm32f10x_gpio.o
    0x080013d6   0x00000002   PAD
    0x080013d8   0x00000090   Code   RO         1569    i.GPIO_PinRemapConfig  stm32f10x_gpio.o
    0x08001468   0x00000012   Code   RO         1573    i.GPIO_ReadOutputDataBit  stm32f10x_gpio.o
    0x0800147a   0x00000004   Code   RO         1574    i.GPIO_ResetBits    stm32f10x_gpio.o
    0x0800147e   0x00000004   Code   RO         1575    i.GPIO_SetBits      stm32f10x_gpio.o
    0x08001482   0x00000010   Code   RO         1576    i.GPIO_StructInit   stm32f10x_gpio.o
    0x08001492   0x00000002   PAD
    0x08001494   0x00000020   Code   RO         4257    i.GetEPRxAddr       usb_regs.o
    0x080014b4   0x00000024   Code   RO         4258    i.GetEPRxCount      usb_regs.o
    0x080014d8   0x00000020   Code   RO         4260    i.GetEPTxAddr       usb_regs.o
    0x080014f8   0x00000034   Code   RO         3562    i.Get_SerialNum     hw_config.o
    0x0800152c   0x00000004   Code   RO         2866    i.HardFault_Handler  stm32f10x_it.o
    0x08001530   0x00000070   Code   RO         4003    i.In0_Process       usb_core.o
    0x080015a0   0x000000b8   Code   RO          291    i.Initial_UART1     uart1.o
    0x08001658   0x000000b4   Code   RO          340    i.Initial_UART2     uart2.o
    0x0800170c   0x0000003e   Code   RO         3563    i.IntToUnicode      hw_config.o
    0x0800174a   0x00000002   PAD
    0x0800174c   0x0000003c   Code   RO          387    i.LED_Init          dio.o
    0x08001788   0x00000020   Code   RO          389    i.LED_ON            dio.o
    0x080017a8   0x00000038   Code   RO          390    i.LED_REVERSE       dio.o
    0x080017e0   0x00000020   Code   RO         3564    i.Leave_LowPowerMode  hw_config.o
    0x08001800   0x00000004   Code   RO         2867    i.MemManage_Handler  stm32f10x_it.o
    0x08001804   0x00000002   Code   RO         2868    i.NMI_Handler       stm32f10x_it.o
    0x08001806   0x00000002   Code   RO         4004    i.NOP_Process       usb_core.o
    0x08001808   0x00000070   Code   RO          671    i.NVIC_Init         misc.o
    0x08001878   0x00000014   Code   RO          672    i.NVIC_PriorityGroupConfig  misc.o
    0x0800188c   0x00000138   Code   RO         4005    i.NoData_Setup0     usb_core.o
    0x080019c4   0x00000050   Code   RO         4006    i.Out0_Process      usb_core.o
    0x08001a14   0x00000028   Code   RO         4208    i.PMAToUserBufferCopy  usb_mem.o
    0x08001a3c   0x00000002   Code   RO         2869    i.PendSV_Handler    stm32f10x_it.o
    0x08001a3e   0x00000002   PAD
    0x08001a40   0x00000048   Code   RO         4007    i.Post0_Process     usb_core.o
    0x08001a88   0x00000040   Code   RO         3946    i.PowerOn           usb_pwr.o
    0x08001ac8   0x0000000e   Code   RO          536    i.QUEUE_PacketCreate  queue.o
    0x08001ad6   0x0000003c   Code   RO          538    i.QUEUE_PacketIn    queue.o
    0x08001b12   0x0000003a   Code   RO          540    i.QUEUE_PacketOut   queue.o
    0x08001b4c   0x00000020   Code   RO         1742    i.RCC_AHBPeriphClockCmd  stm32f10x_rcc.o
    0x08001b6c   0x00000020   Code   RO         1743    i.RCC_APB1PeriphClockCmd  stm32f10x_rcc.o
    0x08001b8c   0x00000020   Code   RO         1744    i.RCC_APB1PeriphResetCmd  stm32f10x_rcc.o
    0x08001bac   0x00000020   Code   RO         1745    i.RCC_APB2PeriphClockCmd  stm32f10x_rcc.o
    0x08001bcc   0x00000020   Code   RO         1746    i.RCC_APB2PeriphResetCmd  stm32f10x_rcc.o
    0x08001bec   0x000000d4   Code   RO         1753    i.RCC_GetClocksFreq  stm32f10x_rcc.o
    0x08001cc0   0x0000000c   Code   RO         1771    i.RCC_USBCLKConfig  stm32f10x_rcc.o
    0x08001ccc   0x000000d0   Code   RO         3947    i.Resume            usb_pwr.o
    0x08001d9c   0x00000024   Code   RO         3948    i.Resume_Init       usb_pwr.o
    0x08001dc0   0x00000064   Code   RO         3732    i.SOF_Callback      usb_endp.o
    0x08001e24   0x00000002   Code   RO         2870    i.SVC_Handler       stm32f10x_it.o
    0x08001e26   0x00000002   PAD
    0x08001e28   0x00000010   Code   RO         4268    i.SetBTABLE         usb_regs.o
    0x08001e38   0x00000050   Code   RO         4008    i.SetDeviceAddress  usb_core.o
    0x08001e88   0x00000024   Code   RO         4282    i.SetEPRxAddr       usb_regs.o
    0x08001eac   0x0000004c   Code   RO         4283    i.SetEPRxCount      usb_regs.o
    0x08001ef8   0x00000040   Code   RO         4284    i.SetEPRxStatus     usb_regs.o
    0x08001f38   0x00000034   Code   RO         4285    i.SetEPRxValid      usb_regs.o
    0x08001f6c   0x00000020   Code   RO         4286    i.SetEPTxAddr       usb_regs.o
    0x08001f8c   0x0000001c   Code   RO         4287    i.SetEPTxCount      usb_regs.o
    0x08001fa8   0x00000040   Code   RO         4288    i.SetEPTxStatus     usb_regs.o
    0x08001fe8   0x00000034   Code   RO         4289    i.SetEPTxValid      usb_regs.o
    0x0800201c   0x00000024   Code   RO         4290    i.SetEPType         usb_regs.o
    0x08002040   0x00000008   Code   RO          625    i.SetSysClock       system_stm32f10x.o
    0x08002048   0x000000e0   Code   RO          626    i.SetSysClockTo72   system_stm32f10x.o
    0x08002128   0x00000078   Code   RO         3565    i.Set_System        hw_config.o
    0x080021a0   0x00000012   Code   RO         3566    i.Set_USBClock      hw_config.o
    0x080021b2   0x00000002   PAD
    0x080021b4   0x000000b8   Code   RO         4009    i.Setup0_Process    usb_core.o
    0x0800226c   0x0000016c   Code   RO         4010    i.Standard_ClearFeature  usb_core.o
    0x080023d8   0x0000002c   Code   RO         4011    i.Standard_GetConfiguration  usb_core.o
    0x08002404   0x00000024   Code   RO         4012    i.Standard_GetDescriptorData  usb_core.o
    0x08002428   0x0000002c   Code   RO         4013    i.Standard_GetInterface  usb_core.o
    0x08002454   0x00000100   Code   RO         4014    i.Standard_GetStatus  usb_core.o
    0x08002554   0x00000048   Code   RO         4015    i.Standard_SetConfiguration  usb_core.o
    0x0800259c   0x00000028   Code   RO         4016    i.Standard_SetDeviceFeature  usb_core.o
    0x080025c4   0x000000d0   Code   RO         4017    i.Standard_SetEndPointFeature  usb_core.o
    0x08002694   0x0000006c   Code   RO         4018    i.Standard_SetInterface  usb_core.o
    0x08002700   0x00000104   Code   RO         3949    i.Suspend           usb_pwr.o
    0x08002804   0x00000020   Code   RO          157    i.SysTick_Handler   delay.o
    0x08002824   0x0000007c   Code   RO          158    i.SysTick_init      delay.o
    0x080028a0   0x00000060   Code   RO          628    i.SystemInit        system_stm32f10x.o
    0x08002900   0x00000080   Code   RO         2112    i.TI1_Config        stm32f10x_tim.o
    0x08002980   0x00000098   Code   RO         2113    i.TI2_Config        stm32f10x_tim.o
    0x08002a18   0x00000090   Code   RO         2114    i.TI3_Config        stm32f10x_tim.o
    0x08002aa8   0x00000098   Code   RO         2115    i.TI4_Config        stm32f10x_tim.o
    0x08002b40   0x00000038   Code   RO          507    i.TIM2_IRQHandler   timer.o
    0x08002b78   0x0000005c   Code   RO          508    i.TIM2_Int_Init     timer.o
    0x08002bd4   0x00000008   Code   RO          456    i.TIM3_Init         encode.o
    0x08002bdc   0x00000090   Code   RO          457    i.TIM3_Mode_Config  encode.o
    0x08002c6c   0x00000008   Code   RO          458    i.TIM4_Init         encode.o
    0x08002c74   0x00000090   Code   RO          459    i.TIM4_Mode_Config  encode.o
    0x08002d04   0x00000006   Code   RO         2123    i.TIM_ClearITPendingBit  stm32f10x_tim.o
    0x08002d0a   0x00000018   Code   RO         2128    i.TIM_Cmd           stm32f10x_tim.o
    0x08002d22   0x00000002   PAD
    0x08002d24   0x000001e8   Code   RO         2133    i.TIM_DeInit        stm32f10x_tim.o
    0x08002f0c   0x00000042   Code   RO         2137    i.TIM_EncoderInterfaceConfig  stm32f10x_tim.o
    0x08002f4e   0x00000022   Code   RO         2149    i.TIM_GetITStatus   stm32f10x_tim.o
    0x08002f70   0x000000ac   Code   RO         2151    i.TIM_ICInit        stm32f10x_tim.o
    0x0800301c   0x00000012   Code   RO         2152    i.TIM_ICStructInit  stm32f10x_tim.o
    0x0800302e   0x00000012   Code   RO         2153    i.TIM_ITConfig      stm32f10x_tim.o
    0x08003040   0x00000012   Code   RO         2194    i.TIM_SetIC1Prescaler  stm32f10x_tim.o
    0x08003052   0x0000001a   Code   RO         2195    i.TIM_SetIC2Prescaler  stm32f10x_tim.o
    0x0800306c   0x00000012   Code   RO         2196    i.TIM_SetIC3Prescaler  stm32f10x_tim.o
    0x0800307e   0x0000001a   Code   RO         2197    i.TIM_SetIC4Prescaler  stm32f10x_tim.o
    0x08003098   0x000000a4   Code   RO         2199    i.TIM_TimeBaseInit  stm32f10x_tim.o
    0x0800313c   0x00000030   Code   RO          292    i.UART1_Put_Char    uart1.o
    0x0800316c   0x0000002e   Code   RO          293    i.UART1_Put_String  uart1.o
    0x0800319a   0x00000002   PAD
    0x0800319c   0x00000030   Code   RO          341    i.UART2_Put_Char    uart2.o
    0x080031cc   0x00000088   Code   RO          294    i.USART1_IRQHandler  uart1.o
    0x08003254   0x00000088   Code   RO          343    i.USART2_IRQHandler  uart2.o
    0x080032dc   0x00000012   Code   RO         2672    i.USART_ClearFlag   stm32f10x_usart.o
    0x080032ee   0x0000001e   Code   RO         2673    i.USART_ClearITPendingBit  stm32f10x_usart.o
    0x0800330c   0x00000018   Code   RO         2676    i.USART_Cmd         stm32f10x_usart.o
    0x08003324   0x00000054   Code   RO         2680    i.USART_GetITStatus  stm32f10x_usart.o
    0x08003378   0x0000004a   Code   RO         2682    i.USART_ITConfig    stm32f10x_usart.o
    0x080033c2   0x00000002   PAD
    0x080033c4   0x000000d8   Code   RO         2683    i.USART_Init        stm32f10x_usart.o
    0x0800349c   0x00000008   Code   RO         2693    i.USART_SendData    stm32f10x_usart.o
    0x080034a4   0x0000000c   Code   RO         3802    i.USBWakeUp_IRQHandler  usb_it.o
    0x080034b0   0x00000024   Code   RO         3567    i.USB_Cable_Config  hw_config.o
    0x080034d4   0x00000014   Code   RO         3568    i.USB_Config        hw_config.o
    0x080034e8   0x0000003c   Code   RO         4131    i.USB_Init          usb_init.o
    0x08003524   0x00000034   Code   RO         3569    i.USB_Interrupts_Config  hw_config.o
    0x08003558   0x000001d0   Code   RO         3772    i.USB_Istr          usb_istr.o
    0x08003728   0x00000008   Code   RO         3803    i.USB_LP_CAN1_RX0_IRQHandler  usb_it.o
    0x08003730   0x00000018   Code   RO         3571    i.USB_RxWrite       hw_config.o
    0x08003748   0x00000024   Code   RO         4610    i.USB_SIL_Init      usb_sil.o
    0x0800376c   0x0000002e   Code   RO         4611    i.USB_SIL_Read      usb_sil.o
    0x0800379a   0x00000002   PAD
    0x0800379c   0x00000018   Code   RO         3572    i.USB_TxRead        hw_config.o
    0x080037b4   0x00000018   Code   RO         3573    i.USB_TxWrite       hw_config.o
    0x080037cc   0x00000004   Code   RO         2871    i.UsageFault_Handler  stm32f10x_it.o
    0x080037d0   0x00000038   Code   RO         4209    i.UserToPMABufferCopy  usb_mem.o
    0x08003808   0x00000064   Code   RO         3832    i.Virtual_Com_Port_Data_Setup  usb_prop.o
    0x0800386c   0x00000014   Code   RO         3833    i.Virtual_Com_Port_GetConfigDescriptor  usb_prop.o
    0x08003880   0x00000014   Code   RO         3834    i.Virtual_Com_Port_GetDeviceDescriptor  usb_prop.o
    0x08003894   0x0000001c   Code   RO         3835    i.Virtual_Com_Port_GetLineCoding  usb_prop.o
    0x080038b0   0x00000028   Code   RO         3836    i.Virtual_Com_Port_GetStringDescriptor  usb_prop.o
    0x080038d8   0x00000016   Code   RO         3837    i.Virtual_Com_Port_Get_Interface_Setting  usb_prop.o
    0x080038ee   0x00000002   PAD
    0x080038f0   0x00000028   Code   RO         3838    i.Virtual_Com_Port_NoData_Setup  usb_prop.o
    0x08003918   0x000000e8   Code   RO         3839    i.Virtual_Com_Port_Reset  usb_prop.o
    0x08003a00   0x00000018   Code   RO         3840    i.Virtual_Com_Port_SetConfiguration  usb_prop.o
    0x08003a18   0x0000000c   Code   RO         3841    i.Virtual_Com_Port_SetDeviceAddress  usb_prop.o
    0x08003a24   0x0000001c   Code   RO         3842    i.Virtual_Com_Port_SetLineCoding  usb_prop.o
    0x08003a40   0x00000014   Code   RO         3843    i.Virtual_Com_Port_Status_In  usb_prop.o
    0x08003a54   0x00000002   Code   RO         3844    i.Virtual_Com_Port_Status_Out  usb_prop.o
    0x08003a56   0x00000002   PAD
    0x08003a58   0x00000028   Code   RO         3845    i.Virtual_Com_Port_init  usb_prop.o
    0x08003a80   0x00000028   Code   RO         4885    i.__0sprintf        mc_w.l(printfa.o)
    0x08003aa8   0x0000000e   Code   RO         4971    i.__scatterload_copy  mc_w.l(handlers.o)
    0x08003ab6   0x00000002   Code   RO         4972    i.__scatterload_null  mc_w.l(handlers.o)
    0x08003ab8   0x0000000e   Code   RO         4973    i.__scatterload_zeroinit  mc_w.l(handlers.o)
    0x08003ac6   0x00000002   PAD
    0x08003ac8   0x00000164   Code   RO         4890    i._fp_digits        mc_w.l(printfa.o)
    0x08003c2c   0x000006dc   Code   RO         4891    i._printf_core      mc_w.l(printfa.o)
    0x08004308   0x00000024   Code   RO         4892    i._printf_post_padding  mc_w.l(printfa.o)
    0x0800432c   0x0000002e   Code   RO         4893    i._printf_pre_padding  mc_w.l(printfa.o)
    0x0800435a   0x0000000a   Code   RO         4895    i._sputc            mc_w.l(printfa.o)
    0x08004364   0x000000a8   Code   RO          159    i.delay_ms          delay.o
    0x0800440c   0x00000444   Code   RO            7    i.main              main.o
    0x08004850   0x00000097   Data   RO         3705    .constdata          usb_desc.o
    0x080048e7   0x00000001   PAD
    0x080048e8   0x00000020   Data   RO         4969    Region$$Table       anon$$obj.o


    Execution Region RW_IRAM1 (Base: 0x20000000, Size: 0x000013b0, Max: 0x00005000, ABSOLUTE, COMPRESSED[0x000000a4])

    Base Addr    Size         Type   Attr      Idx    E Section Name        Object

    0x20000000   0x00000067   Data   RW            9    .data               main.o
    0x20000067   0x00000001   PAD
    0x20000068   0x00000006   Data   RW          161    .data               delay.o
    0x2000006e   0x00000002   Data   RW          296    .data               uart1.o
    0x20000070   0x00000002   Data   RW          345    .data               uart2.o
    0x20000072   0x00000001   Data   RW          393    .data               dio.o
    0x20000073   0x00000014   Data   RW         1773    .data               stm32f10x_rcc.o
    0x20000087   0x00000001   PAD
    0x20000088   0x0000000c   Data   RW         3575    .data               hw_config.o
    0x20000094   0x00000026   Data   RW         3706    .data               usb_desc.o
    0x200000ba   0x00000002   PAD
    0x200000bc   0x00000008   Data   RW         3734    .data               usb_endp.o
    0x200000c4   0x00000044   Data   RW         3773    .data               usb_istr.o
    0x20000108   0x00000094   Data   RW         3846    .data               usb_prop.o
    0x2000019c   0x0000000c   Data   RW         3951    .data               usb_pwr.o
    0x200001a8   0x00000003   Data   RW         4019    .data               usb_core.o
    0x200001ab   0x00000001   PAD
    0x200001ac   0x00000014   Data   RW         4133    .data               usb_init.o
    0x200001c0   0x00000004   Data   RW         4168    .data               usb_int.o
    0x200001c4   0x000000fa   Zero   RW            8    .bss                main.o
    0x200002be   0x00000100   Zero   RW          295    .bss                uart1.o
    0x200003be   0x00000100   Zero   RW          344    .bss                uart2.o
    0x200004be   0x00000002   PAD
    0x200004c0   0x00000a30   Zero   RW         3574    .bss                hw_config.o
    0x20000ef0   0x00000080   Zero   RW         3733    .bss                usb_endp.o
    0x20000f70   0x00000020   Zero   RW         3950    .bss                usb_pwr.o
    0x20000f90   0x0000001c   Zero   RW         4132    .bss                usb_init.o
    0x20000fac   0x00000004   PAD
    0x20000fb0   0x00000400   Zero   RW         3284    STACK               startup_stm32f10x_hd.o


==============================================================================

Image component sizes


      Code (inc. data)   RO Data    RW Data    ZI Data      Debug   Object Name

       324         28          0          6          0       2153   delay.o
       228         30          0          1          0       2819   dio.o
       304         20          0          0          0       2208   encode.o
       464         70          0         12       2608      12041   hw_config.o
      1408        128          0        103        250     260682   main.o
       132         22          0          0          0       1627   misc.o
       132          0          0          0          0       5836   queue.o
        36          8        304          0       1024        864   startup_stm32f10x_hd.o
       160         12          0          0          0       1597   stm32f10x_exti.o
       464          6          0          0          0       5209   stm32f10x_gpio.o
        24          0          0          0          0       3904   stm32f10x_it.o
       384         56          0         20          0       6939   stm32f10x_rcc.o
      1654        214          0          0          0      12032   stm32f10x_tim.o
       454          6          0          0          0       6399   stm32f10x_usart.o
       328         28          0          0          0       2125   system_stm32f10x.o
       148         18          0          0          0       1154   timer.o
       414         42          0          2        256       3236   uart1.o
       364         44          0          2        256       2657   uart2.o
      3058        288          0          3          0      14539   usb_core.o
         0          0        151         38          0       1127   usb_desc.o
       212         34          0          8        128       2424   usb_endp.o
        60         24          0         20         28       4130   usb_init.o
       648         32          0          4          0       1756   usb_int.o
       464         38          0         68          0       1703   usb_istr.o
        20          0          0          0          0       1004   usb_it.o
        96         10          0          0          0       1768   usb_mem.o
       628        102          0        148          0      11997   usb_prop.o
       568         60          0         12         32       3980   usb_pwr.o
       712        100          0          0          0       9819   usb_regs.o
        82          8          0          0          0       1450   usb_sil.o

    ----------------------------------------------------------------------
     13996       1428        488        452       4588     389179   Object Totals
         0          0         32          0          0          0   (incl. Generated)
        26          0          1          5          6          0   (incl. Padding)

    ----------------------------------------------------------------------

      Code (inc. data)   RO Data    RW Data    ZI Data      Debug   Library Member Name

        86          0          0          0          0          0   __dczerorl2.o
         0          0          0          0          0          0   entry.o
         0          0          0          0          0          0   entry10a.o
         0          0          0          0          0          0   entry11a.o
         8          4          0          0          0          0   entry2.o
         4          0          0          0          0          0   entry5.o
         0          0          0          0          0          0   entry7b.o
         0          0          0          0          0          0   entry8b.o
         8          4          0          0          0          0   entry9a.o
        30          0          0          0          0          0   handlers.o
        36          8          0          0          0         68   init.o
         0          0          0          0          0          0   iusefp.o
        30          0          0          0          0         68   llshl.o
        36          0          0          0          0         68   llsshr.o
        32          0          0          0          0         68   llushr.o
      2244         86          0          0          0        512   printfa.o
        44          0          0          0          0         80   uidiv.o
        98          0          0          0          0         92   uldiv.o
        48          0          0          0          0         68   cdrcmple.o
       334          0          0          0          0        148   dadd.o
       222          0          0          0          0        100   ddiv.o
       186          0          0          0          0        176   depilogue.o
        62          0          0          0          0         80   dfixi.o
        48          0          0          0          0         68   dfixul.o
        34          0          0          0          0         76   dflti.o
       228          0          0          0          0         96   dmul.o
        38          0          0          0          0         68   f2d.o
       124          0          0          0          0         88   fdiv.o
       110          0          0          0          0        168   fepilogue.o
        18          0          0          0          0         68   fflti.o
       100          0          0          0          0         76   fmul.o

    ----------------------------------------------------------------------
      4212        102          0          0          0       2236   Library Totals
         4          0          0          0          0          0   (incl. Padding)

    ----------------------------------------------------------------------

      Code (inc. data)   RO Data    RW Data    ZI Data      Debug   Library Name

      2656        102          0          0          0        956   mc_w.l
      1552          0          0          0          0       1280   mf_w.l

    ----------------------------------------------------------------------
      4212        102          0          0          0       2236   Library Totals

    ----------------------------------------------------------------------

==============================================================================


      Code (inc. data)   RO Data    RW Data    ZI Data      Debug   

     18208       1530        488        452       4588     382599   Grand Totals
     18208       1530        488        164       4588     382599   ELF Image Totals (compressed)
     18208       1530        488        164          0          0   ROM Totals

==============================================================================

    Total RO  Size (Code + RO Data)                18696 (  18.26kB)
    Total RW  Size (RW Data + ZI Data)              5040 (   4.92kB)
    Total ROM Size (Code + RO Data + RW Data)      18860 (  18.42kB)

==============================================================================

